Archive member included to satisfy reference by file (symbol)

/Users/danroberts/.pico-sdk/toolchain/14_2_Rel1/bin/../lib/gcc/arm-none-eabi/14.2.1/thumb/v6-m/nofp/libgcc.a(_dvmd_tls.o)
                              CMakeFiles/blink.dir/Users/danroberts/.pico-sdk/sdk/2.1.1/src/rp2_common/pico_divider/divider_hardware.S.o (__aeabi_idiv0)
/Users/danroberts/.pico-sdk/toolchain/14_2_Rel1/bin/../lib/gcc/arm-none-eabi/14.2.1/../../../../arm-none-eabi/lib/thumb/v6-m/nofp/libg.a(libc_a-calloc.o)
                              CMakeFiles/blink.dir/Users/danroberts/.pico-sdk/sdk/2.1.1/src/rp2_common/pico_malloc/malloc.c.o (calloc)
/Users/danroberts/.pico-sdk/toolchain/14_2_Rel1/bin/../lib/gcc/arm-none-eabi/14.2.1/../../../../arm-none-eabi/lib/thumb/v6-m/nofp/libg.a(libc_a-callocr.o)
                              /Users/danroberts/.pico-sdk/toolchain/14_2_Rel1/bin/../lib/gcc/arm-none-eabi/14.2.1/../../../../arm-none-eabi/lib/thumb/v6-m/nofp/libg.a(libc_a-calloc.o) (_calloc_r)
/Users/danroberts/.pico-sdk/toolchain/14_2_Rel1/bin/../lib/gcc/arm-none-eabi/14.2.1/../../../../arm-none-eabi/lib/thumb/v6-m/nofp/libg.a(libc_a-malloc.o)
                              CMakeFiles/blink.dir/Users/danroberts/.pico-sdk/sdk/2.1.1/src/rp2_common/pico_malloc/malloc.c.o (malloc)
/Users/danroberts/.pico-sdk/toolchain/14_2_Rel1/bin/../lib/gcc/arm-none-eabi/14.2.1/../../../../arm-none-eabi/lib/thumb/v6-m/nofp/libg.a(libc_a-mallocr.o)
                              /Users/danroberts/.pico-sdk/toolchain/14_2_Rel1/bin/../lib/gcc/arm-none-eabi/14.2.1/../../../../arm-none-eabi/lib/thumb/v6-m/nofp/libg.a(libc_a-callocr.o) (_malloc_r)
/Users/danroberts/.pico-sdk/toolchain/14_2_Rel1/bin/../lib/gcc/arm-none-eabi/14.2.1/../../../../arm-none-eabi/lib/thumb/v6-m/nofp/libg.a(libc_a-mlock.o)
                              /Users/danroberts/.pico-sdk/toolchain/14_2_Rel1/bin/../lib/gcc/arm-none-eabi/14.2.1/../../../../arm-none-eabi/lib/thumb/v6-m/nofp/libg.a(libc_a-mallocr.o) (__malloc_lock)
/Users/danroberts/.pico-sdk/toolchain/14_2_Rel1/bin/../lib/gcc/arm-none-eabi/14.2.1/../../../../arm-none-eabi/lib/thumb/v6-m/nofp/libg.a(libc_a-realloc.o)
                              CMakeFiles/blink.dir/Users/danroberts/.pico-sdk/sdk/2.1.1/src/rp2_common/pico_malloc/malloc.c.o (realloc)
/Users/danroberts/.pico-sdk/toolchain/14_2_Rel1/bin/../lib/gcc/arm-none-eabi/14.2.1/../../../../arm-none-eabi/lib/thumb/v6-m/nofp/libg.a(libc_a-reallocr.o)
                              /Users/danroberts/.pico-sdk/toolchain/14_2_Rel1/bin/../lib/gcc/arm-none-eabi/14.2.1/../../../../arm-none-eabi/lib/thumb/v6-m/nofp/libg.a(libc_a-realloc.o) (_realloc_r)
/Users/danroberts/.pico-sdk/toolchain/14_2_Rel1/bin/../lib/gcc/arm-none-eabi/14.2.1/../../../../arm-none-eabi/lib/thumb/v6-m/nofp/libg.a(libc_a-memcmp.o)
                              CMakeFiles/blink.dir/Users/danroberts/.pico-sdk/sdk/2.1.1/src/rp2_common/pico_atomic/atomic.c.o (memcmp)
/Users/danroberts/.pico-sdk/toolchain/14_2_Rel1/bin/../lib/gcc/arm-none-eabi/14.2.1/../../../../arm-none-eabi/lib/thumb/v6-m/nofp/libg.a(libc_a-memmove.o)
                              CMakeFiles/blink.dir/Users/danroberts/.pico-sdk/sdk/2.1.1/lib/cyw43-driver/src/cyw43_ll.c.o (memmove)
/Users/danroberts/.pico-sdk/toolchain/14_2_Rel1/bin/../lib/gcc/arm-none-eabi/14.2.1/../../../../arm-none-eabi/lib/thumb/v6-m/nofp/libg.a(libc_a-strncmp.o)
                              CMakeFiles/blink.dir/Users/danroberts/.pico-sdk/sdk/2.1.1/lib/cyw43-driver/src/cyw43_ll.c.o (strncmp)
/Users/danroberts/.pico-sdk/toolchain/14_2_Rel1/bin/../lib/gcc/arm-none-eabi/14.2.1/../../../../arm-none-eabi/lib/thumb/v6-m/nofp/libg.a(libc_a-lcltime_r.o)
                              CMakeFiles/blink.dir/Users/danroberts/.pico-sdk/sdk/2.1.1/src/common/pico_util/datetime.c.o (localtime_r)
/Users/danroberts/.pico-sdk/toolchain/14_2_Rel1/bin/../lib/gcc/arm-none-eabi/14.2.1/../../../../arm-none-eabi/lib/thumb/v6-m/nofp/libg.a(libc_a-mktime.o)
                              CMakeFiles/blink.dir/Users/danroberts/.pico-sdk/sdk/2.1.1/src/common/pico_util/datetime.c.o (mktime)
/Users/danroberts/.pico-sdk/toolchain/14_2_Rel1/bin/../lib/gcc/arm-none-eabi/14.2.1/../../../../arm-none-eabi/lib/thumb/v6-m/nofp/libg.a(libc_a-month_lengths.o)
                              /Users/danroberts/.pico-sdk/toolchain/14_2_Rel1/bin/../lib/gcc/arm-none-eabi/14.2.1/../../../../arm-none-eabi/lib/thumb/v6-m/nofp/libg.a(libc_a-lcltime_r.o) (__month_lengths)
/Users/danroberts/.pico-sdk/toolchain/14_2_Rel1/bin/../lib/gcc/arm-none-eabi/14.2.1/../../../../arm-none-eabi/lib/thumb/v6-m/nofp/libg.a(libc_a-tzcalc_limits.o)
                              /Users/danroberts/.pico-sdk/toolchain/14_2_Rel1/bin/../lib/gcc/arm-none-eabi/14.2.1/../../../../arm-none-eabi/lib/thumb/v6-m/nofp/libg.a(libc_a-lcltime_r.o) (__tzcalc_limits)
/Users/danroberts/.pico-sdk/toolchain/14_2_Rel1/bin/../lib/gcc/arm-none-eabi/14.2.1/../../../../arm-none-eabi/lib/thumb/v6-m/nofp/libg.a(libc_a-tzlock.o)
[...]
Memory Configuration

Name             Origin             Length             Attributes
FLASH            0x10000000         0x00200000         xr
RAM              0x20000000         0x00040000         xrw
SCRATCH_X        0x20040000         0x00001000         xrw
SCRATCH_Y        0x20041000         0x00001000         xrw
*default*        0x00000000         0xffffffff

Linker script and memory map

LOAD /Users/danroberts/.pico-sdk/toolchain/14_2_Rel1/bin/../lib/gcc/arm-none-eabi/14.2.1/thumb/v6-m/nofp/crti.o
LOAD /Users/danroberts/.pico-sdk/toolchain/14_2_Rel1/bin/../lib/gcc/arm-none-eabi/14.2.1/thumb/v6-m/nofp/crtbegin.o
LOAD /Users/danroberts/.pico-sdk/toolchain/14_2_Rel1/bin/../lib/gcc/arm-none-eabi/14.2.1/../../../../arm-none-eabi/lib/thumb/v6-m/nofp/crt0.o

.flash_begin    0x10000000        0x0
                0x10000000                        __flash_binary_start = .

.boot2          0x10000000      0x100
                0x10000000                        __boot2_start__ = .
 *(.boot2)
 .boot2         0x10000000      0x100 pico-sdk/src/rp2040/boot_stage2/CMakeFiles/bs2_default_library.dir/./bs2_default_padded_checksummed.S.o
                0x10000100                        __boot2_end__ = .
                0x00000001                        ASSERT (((__boot2_end__ - __boot2_start__) == 0x100), ERROR: Pico second stage bootloader must be 256 bytes in size)

.text           0x10000100     0x7cd4
                0x10000100                        __logical_binary_start = .
 *(.vectors)
 .vectors       0x10000100       0xd4 CMakeFiles/blink.dir/Users/danroberts/.pico-sdk/sdk/2.1.1/src/rp2_common/pico_crt0/crt0.S.o
                0x10000100                __VECTOR_TABLE
                0x10000100                __vectors
                0x100001c0                __default_isrs_start
                0x100001c0                isr_invalid
                0x100001c2                isr_nmi
                0x100001c4                isr_hardfault
                0x100001c6                isr_svcall
                0x100001c8                isr_pendsv
                0x100001ca                isr_systick
                0x100001cc                isr_irq28
                0x100001cc                isr_irq19
                0x100001cc                isr_irq0
                0x100001cc                isr_irq6
                0x100001cc                isr_irq22
                0x100001cc                isr_irq17
                0x100001cc                isr_irq14
                0x100001cc                isr_irq2
                0x100001cc                isr_irq10
                0x100001cc                isr_irq8
                0x100001cc                isr_irq24
                0x100001cc                isr_irq1
                0x100001cc                isr_irq7
                0x100001cc                isr_irq21
                0x100001cc                isr_irq20
                0x100001cc                isr_irq15
                0x100001cc                isr_irq25
                0x100001cc                isr_irq4
                0x100001cc                isr_irq16
                0x100001cc                isr_irq29
                0x100001cc                isr_irq26
                0x100001cc                __default_isrs_end
                0x100001cc                isr_irq3
                0x100001cc                isr_irq9
                0x100001cc                __unhandled_user_irq
                0x100001cc                isr_irq13
                0x100001cc                isr_irq27
                0x100001cc                isr_irq31
                0x100001cc                isr_irq5
                0x100001cc                isr_irq11
                0x100001cc                isr_irq23
                0x100001cc                isr_irq18
                0x100001cc                isr_irq30
                0x100001cc                isr_irq12
                0x100001d2                unhandled_user_irq_num_in_r0
 *(.binary_info_header)
 .binary_info_header
                0x100001d4       0x14 CMakeFiles/blink.dir/Users/danroberts/.pico-sdk/sdk/2.1.1/src/rp2_common/pico_crt0/crt0.S.o
                0x100001e8                        __binary_info_header_end = .
 *(.embedded_block)
                0x100001e8                        __embedded_block_end = .
 *(.reset)
 .reset         0x100001e8       0x9c CMakeFiles/blink.dir/Users/danroberts/.pico-sdk/sdk/2.1.1/src/rp2_common/pico_crt0/crt0.S.o
                0x100001e8                _entry_point
 *(.init)
 .init          0x10000284        0x4 /Users/danroberts/.pico-sdk/toolchain/14_2_Rel1/bin/../lib/gcc/arm-none-eabi/14.2.1/thumb/v6-m/nofp/crti.o
                0x10000284                _init
 *(EXCLUDE_FILE(*libm.a: *libc.a:*lib_a-mem*.o *libgcc.a:) .text*)
 .text.register_tm_clones
                0x10000288       0x28 /Users/danroberts/.pico-sdk/toolchain/14_2_Rel1/bin/../lib/gcc/arm-none-eabi/14.2.1/thumb/v6-m/nofp/crtbegin.o
 .text.frame_dummy
                0x100002b0       0x24 /Users/danroberts/.pico-sdk/toolchain/14_2_Rel1/bin/../lib/gcc/arm-none-eabi/14.2.1/thumb/v6-m/nofp/crtbegin.o
 .text.startup.main
                0x100002d4       0x30 CMakeFiles/blink.dir/blink.c.o
                0x100002d4                main
 .text.gpio_set_function
                0x10000304       0x34 CMakeFiles/blink.dir/Users/danroberts/.pico-sdk/sdk/2.1.1/src/rp2_common/hardware_gpio/gpio.c.o
                0x10000304                gpio_set_function
 .text.gpio_set_pulls
                0x10000338       0x28 CMakeFiles/blink.dir/Users/danroberts/.pico-sdk/sdk/2.1.1/src/rp2_common/hardware_gpio/gpio.c.o
                0x10000338                gpio_set_pulls
 .text.gpio_set_input_hysteresis_enabled
                0x10000360       0x28 CMakeFiles/blink.dir/Users/danroberts/.pico-sdk/sdk/2.1.1/src/rp2_common/hardware_gpio/gpio.c.o
                0x10000360                gpio_set_input_hysteresis_enabled
 .text.gpio_set_irq_enabled
                0x10000388       0x58 CMakeFiles/blink.dir/Users/danroberts/.pico-sdk/sdk/2.1.1/src/rp2_common/hardware_gpio/gpio.c.o
                0x10000388                gpio_set_irq_enabled
 .text.gpio_add_raw_irq_handler_with_order_priority_masked
                0x100003e0       0x44 CMakeFiles/blink.dir/Users/danroberts/.pico-sdk/sdk/2.1.1/src/rp2_common/hardware_gpio/gpio.c.o
                0x100003e0                gpio_add_raw_irq_handler_with_order_priority_masked
 .text.gpio_remove_raw_irq_handler_masked
                0x10000424       0x20 CMakeFiles/blink.dir/Users/danroberts/.pico-sdk/sdk/2.1.1/src/rp2_common/hardware_gpio/gpio.c.o
                0x10000424                gpio_remove_raw_irq_handler_masked
 .text.gpio_init
                0x10000444       0x40 CMakeFiles/blink.dir/Users/danroberts/.pico-sdk/sdk/2.1.1/src/rp2_common/hardware_gpio/gpio.c.o
                0x10000444                gpio_init
 .text.panic    0x10000484       0x30 CMakeFiles/blink.dir/Users/danroberts/.pico-sdk/sdk/2.1.1/src/rp2_common/pico_platform_panic/panic.c.o
                0x10000484                panic
 .text.hw_claim_lock
                0x100004b4       0x18 CMakeFiles/blink.dir/Users/danroberts/.pico-sdk/sdk/2.1.1/src/common/hardware_claim/claim.c.o
                0x100004b4                hw_claim_lock
 .text.hw_claim_unlock
                0x100004cc       0x14 CMakeFiles/blink.dir/Users/danroberts/.pico-sdk/sdk/2.1.1/src/common/hardware_claim/claim.c.o
                0x100004cc                hw_claim_unlock
 .text.hw_claim_or_assert
                0x100004e0       0x44 CMakeFiles/blink.dir/Users/danroberts/.pico-sdk/sdk/2.1.1/src/common/hardware_claim/claim.c.o
                0x100004e0                hw_claim_or_assert
 .text.hw_claim_unused_from_range
                0x10000524       0x88 CMakeFiles/blink.dir/Users/danroberts/.pico-sdk/sdk/2.1.1/src/common/hardware_claim/claim.c.o
                0x10000524                hw_claim_unused_from_range
 .text.hw_claim_clear
                0x100005ac       0x38 CMakeFiles/blink.dir/Users/danroberts/.pico-sdk/sdk/2.1.1/src/common/hardware_claim/claim.c.o
                0x100005ac                hw_claim_clear
 .text.next_striped_spin_lock_num
                0x100005e4       0x18 CMakeFiles/blink.dir/Users/danroberts/.pico-sdk/sdk/2.1.1/src/rp2_common/hardware_sync/sync.c.o
                0x100005e4                next_striped_spin_lock_num
 .text.spin_locks_reset
                0x100005fc       0x1c CMakeFiles/blink.dir/Users/danroberts/.pico-sdk/sdk/2.1.1/src/rp2_common/hardware_sync_spin_lock/sync_spin_lock.c.o
                0x100005fc                spin_locks_reset
 .text.runtime_init_per_core_irq_priorities
                0x10000618       0x24 CMakeFiles/blink.dir/Users/danroberts/.pico-sdk/sdk/2.1.1/src/rp2_common/hardware_irq/irq.c.o
                0x10000618                runtime_init_per_core_irq_priorities
 .text.irq_set_enabled
                0x1000063c       0x24 CMakeFiles/blink.dir/Users/danroberts/.pico-sdk/sdk/2.1.1/src/rp2_common/hardware_irq/irq.c.o
                0x1000063c                irq_set_enabled
 .text.irq_set_pending
                0x10000660       0x10 CMakeFiles/blink.dir/Users/danroberts/.pico-sdk/sdk/2.1.1/src/rp2_common/hardware_irq/irq.c.o
                0x10000660                irq_set_pending
 .text.irq_set_exclusive_handler
                0x10000670       0x54 CMakeFiles/blink.dir/Users/danroberts/.pico-sdk/sdk/2.1.1/src/rp2_common/hardware_irq/irq.c.o
                0x10000670                irq_set_exclusive_handler
 .text.irq_add_shared_handler
                0x100006c4      0x1f4 CMakeFiles/blink.dir/Users/danroberts/.pico-sdk/sdk/2.1.1/src/rp2_common/hardware_irq/irq.c.o
                0x100006c4                irq_add_shared_handler
 .text.irq_remove_handler
                0x100008b8      0x1d4 CMakeFiles/blink.dir/Users/danroberts/.pico-sdk/sdk/2.1.1/src/rp2_common/hardware_irq/irq.c.o
                0x100008b8                irq_remove_handler
 .text.irq_set_priority
                0x10000a8c       0x28 CMakeFiles/blink.dir/Users/danroberts/.pico-sdk/sdk/2.1.1/src/rp2_common/hardware_irq/irq.c.o
                0x10000a8c                irq_set_priority
 .text.irq_add_tail_to_free_list
                0x10000ab4       0xb4 CMakeFiles/blink.dir/Users/danroberts/.pico-sdk/sdk/2.1.1/src/rp2_common/hardware_irq/irq.c.o
                0x10000ab4                irq_add_tail_to_free_list
 .text.user_irq_unclaim
                0x10000b68       0x14 CMakeFiles/blink.dir/Users/danroberts/.pico-sdk/sdk/2.1.1/src/rp2_common/hardware_irq/irq.c.o
                0x10000b68                user_irq_unclaim
 .text.user_irq_claim_unused
                0x10000b7c       0x2c CMakeFiles/blink.dir/Users/danroberts/.pico-sdk/sdk/2.1.1/src/rp2_common/hardware_irq/irq.c.o
                0x10000b7c                user_irq_claim_unused
 .text.sem_init
                0x10000ba8       0x20 CMakeFiles/blink.dir/Users/danroberts/.pico-sdk/sdk/2.1.1/src/common/pico_sync/sem.c.o
                0x10000ba8                sem_init
 .text.lock_init
                0x10000bc8       0x10 CMakeFiles/blink.dir/Users/danroberts/.pico-sdk/sdk/2.1.1/src/common/pico_sync/lock_core.c.o
                0x10000bc8                lock_init
 .text.runtime_init_mutex
                0x10000bd8       0x50 CMakeFiles/blink.dir/Users/danroberts/.pico-sdk/sdk/2.1.1/src/common/pico_sync/mutex.c.o
                0x10000bd8                runtime_init_mutex
 .text.recursive_mutex_init
                0x10000c28       0x1c CMakeFiles/blink.dir/Users/danroberts/.pico-sdk/sdk/2.1.1/src/common/pico_sync/mutex.c.o
                0x10000c28                recursive_mutex_init
 .text.sleep_until_callback
                0x10000c44       0x30 CMakeFiles/blink.dir/Users/danroberts/.pico-sdk/sdk/2.1.1/src/common/pico_time/time.c.o
 .text.alarm_pool_irq_handler
                0x10000c74      0x300 CMakeFiles/blink.dir/Users/danroberts/.pico-sdk/sdk/2.1.1/src/common/pico_time/time.c.o
 .text.runtime_init_default_alarm_pool
                0x10000f74       0xdc CMakeFiles/blink.dir/Users/danroberts/.pico-sdk/sdk/2.1.1/src/common/pico_time/time.c.o
                0x10000f74                runtime_init_default_alarm_pool
 .text.alarm_pool_get_default
                0x10001050        0x8 CMakeFiles/blink.dir/Users/danroberts/.pico-sdk/sdk/2.1.1/src/common/pico_time/time.c.o
                0x10001050                alarm_pool_get_default
 .text.alarm_pool_add_alarm_at
                0x10001058       0xd0 CMakeFiles/blink.dir/Users/danroberts/.pico-sdk/sdk/2.1.1/src/common/pico_time/time.c.o
                0x10001058                alarm_pool_add_alarm_at
 .text.alarm_pool_add_alarm_at_force_in_context
                0x10001128       0xb0 CMakeFiles/blink.dir/Users/danroberts/.pico-sdk/sdk/2.1.1/src/common/pico_time/time.c.o
                0x10001128                alarm_pool_add_alarm_at_force_in_context
 .text.alarm_pool_cancel_alarm
                0x100011d8       0x74 CMakeFiles/blink.dir/Users/danroberts/.pico-sdk/sdk/2.1.1/src/common/pico_time/time.c.o
                0x100011d8                alarm_pool_cancel_alarm
 .text.sleep_until
                0x1000124c       0xd0 CMakeFiles/blink.dir/Users/danroberts/.pico-sdk/sdk/2.1.1/src/common/pico_time/time.c.o
                0x1000124c                sleep_until
 .text.sleep_ms
                0x1000131c       0xfc CMakeFiles/blink.dir/Users/danroberts/.pico-sdk/sdk/2.1.1/src/common/pico_time/time.c.o
                0x1000131c                sleep_ms
 .text.best_effort_wfe_or_timeout
                0x10001418      0x10c CMakeFiles/blink.dir/Users/danroberts/.pico-sdk/sdk/2.1.1/src/common/pico_time/time.c.o
                0x10001418                best_effort_wfe_or_timeout
 .text.timer_hardware_alarm_claim
                0x10001524       0x14 CMakeFiles/blink.dir/Users/danroberts/.pico-sdk/sdk/2.1.1/src/rp2_common/hardware_timer/timer.c.o
                0x10001524                timer_hardware_alarm_claim
 .text.timer_time_us_64
                0x10001538       0x10 CMakeFiles/blink.dir/Users/danroberts/.pico-sdk/sdk/2.1.1/src/rp2_common/hardware_timer/timer.c.o
                0x10001538                timer_time_us_64
 .text.time_us_64
                0x10001548       0x14 CMakeFiles/blink.dir/Users/danroberts/.pico-sdk/sdk/2.1.1/src/rp2_common/hardware_timer/timer.c.o
                0x10001548                time_us_64
 .text.busy_wait_until
                0x1000155c       0x20 CMakeFiles/blink.dir/Users/danroberts/.pico-sdk/sdk/2.1.1/src/rp2_common/hardware_timer/timer.c.o
                0x1000155c                busy_wait_until
 .text.clock_configure_int_divider
                0x1000157c       0xf4 CMakeFiles/blink.dir/Users/danroberts/.pico-sdk/sdk/2.1.1/src/rp2_common/hardware_clocks/clocks.c.o
                0x1000157c                clock_configure_int_divider
 .text.clock_configure_undivided
                0x10001670       0xe8 CMakeFiles/blink.dir/Users/danroberts/.pico-sdk/sdk/2.1.1/src/rp2_common/hardware_clocks/clocks.c.o
                0x10001670                clock_configure_undivided
 .text.clock_get_hz
                0x10001758        0xc CMakeFiles/blink.dir/Users/danroberts/.pico-sdk/sdk/2.1.1/src/rp2_common/hardware_clocks/clocks.c.o
                0x10001758                clock_get_hz
 .text.pll_init
                0x10001764       0xa4 CMakeFiles/blink.dir/Users/danroberts/.pico-sdk/sdk/2.1.1/src/rp2_common/hardware_pll/pll.c.o
                0x10001764                pll_init
 .text.tick_start
                0x10001808       0x10 CMakeFiles/blink.dir/Users/danroberts/.pico-sdk/sdk/2.1.1/src/rp2_common/hardware_ticks/ticks.c.o
                0x10001808                tick_start
 .text.rom_func_lookup
                0x10001818       0x10 CMakeFiles/blink.dir/Users/danroberts/.pico-sdk/sdk/2.1.1/src/rp2_common/pico_bootrom/bootrom.c.o
                0x10001818                rom_func_lookup
 .text.rom_data_lookup
                0x10001828       0x10 CMakeFiles/blink.dir/Users/danroberts/.pico-sdk/sdk/2.1.1/src/rp2_common/pico_bootrom/bootrom.c.o
                0x10001828                rom_data_lookup
 .text.rom_funcs_lookup
                0x10001838       0x44 CMakeFiles/blink.dir/Users/danroberts/.pico-sdk/sdk/2.1.1/src/rp2_common/pico_bootrom/bootrom.c.o
                0x10001838                rom_funcs_lookup
 .text.xosc_init
                0x1000187c       0x28 CMakeFiles/blink.dir/Users/danroberts/.pico-sdk/sdk/2.1.1/src/rp2_common/hardware_xosc/xosc.c.o
                0x1000187c                xosc_init
 .text.first_per_core_initializer
                0x100018a4        0x4 CMakeFiles/blink.dir/Users/danroberts/.pico-sdk/sdk/2.1.1/src/rp2_common/pico_runtime/runtime.c.o
 .text.hard_assertion_failure
                0x100018a8        0xc CMakeFiles/blink.dir/Users/danroberts/.pico-sdk/sdk/2.1.1/src/rp2_common/pico_runtime/runtime.c.o
                0x100018a8                hard_assertion_failure
 .text.runtime_run_initializers
                0x100018b4       0x28 CMakeFiles/blink.dir/Users/danroberts/.pico-sdk/sdk/2.1.1/src/rp2_common/pico_runtime/runtime.c.o
                0x100018b4                runtime_run_initializers
 .text.runtime_init_early_resets
                0x100018dc       0x2c CMakeFiles/blink.dir/Users/danroberts/.pico-sdk/sdk/2.1.1/src/rp2_common/pico_runtime_init/runtime_init.c.o
                0x100018dc                runtime_init_early_resets
 .text.runtime_init_usb_power_down
                0x10001908       0x1c CMakeFiles/blink.dir/Users/danroberts/.pico-sdk/sdk/2.1.1/src/rp2_common/pico_runtime_init/runtime_init.c.o
                0x10001908                runtime_init_usb_power_down
 .text.runtime_init_post_clock_resets
                0x10001924       0x20 CMakeFiles/blink.dir/Users/danroberts/.pico-sdk/sdk/2.1.1/src/rp2_common/pico_runtime_init/runtime_init.c.o
                0x10001924                runtime_init_post_clock_resets
 .text.runtime_init_rp2040_gpio_ie_disable
                0x10001944       0x14 CMakeFiles/blink.dir/Users/danroberts/.pico-sdk/sdk/2.1.1/src/rp2_common/pico_runtime_init/runtime_init.c.o
                0x10001944                runtime_init_rp2040_gpio_ie_disable
 .text.runtime_init_spin_locks_reset
                0x10001958        0x8 CMakeFiles/blink.dir/Users/danroberts/.pico-sdk/sdk/2.1.1/src/rp2_common/pico_runtime_init/runtime_init.c.o
                0x10001958                runtime_init_spin_locks_reset
 .text.runtime_init_install_ram_vector_table
                0x10001960       0x1c CMakeFiles/blink.dir/Users/danroberts/.pico-sdk/sdk/2.1.1/src/rp2_common/pico_runtime_init/runtime_init.c.o
                0x10001960                runtime_init_install_ram_vector_table
 .text.runtime_init_clocks
                0x1000197c       0xd8 CMakeFiles/blink.dir/Users/danroberts/.pico-sdk/sdk/2.1.1/src/rp2_common/pico_runtime_init/runtime_init_clocks.c.o
                0x1000197c                runtime_init_clocks
 .text          0x10001a54       0x10 CMakeFiles/blink.dir/Users/danroberts/.pico-sdk/sdk/2.1.1/src/rp2_common/pico_bit_ops/bit_ops_aeabi.S.o
 .text.ctzsi    0x10001a64        0xc CMakeFiles/blink.dir/Users/danroberts/.pico-sdk/sdk/2.1.1/src/rp2_common/pico_bit_ops/bit_ops_aeabi.S.o
                0x10001a64                __wrap___ctzsi2
 .text.__wrap___aeabi_idiv
                0x10001a70       0x50 CMakeFiles/blink.dir/Users/danroberts/.pico-sdk/sdk/2.1.1/src/rp2_common/pico_divider/divider_hardware.S.o
                0x10001a70                __wrap___aeabi_idivmod
                0x10001a70                divmod_s32s32
                0x10001a70                div_s32s32
                0x10001a70                __wrap___aeabi_idiv
                0x10001a78                divmod_s32s32_unsafe
                0x10001aa4                divmod_s32s32_savestate
 .text.__wrap___aeabi_uidiv
                0x10001ac0       0x4c CMakeFiles/blink.dir/Users/danroberts/.pico-sdk/sdk/2.1.1/src/rp2_common/pico_divider/divider_hardware.S.o
                0x10001ac0                __wrap___aeabi_uidiv
                0x10001ac0                __wrap___aeabi_uidivmod
                0x10001ac0                div_u32u32
                0x10001ac0                divmod_u32u32
                0x10001ac8                divmod_u32u32_unsafe
                0x10001af0                divmod_u32u32_savestate
 .text.__wrap___aeabi_ldiv
                0x10001b0c      0x424 CMakeFiles/blink.dir/Users/danroberts/.pico-sdk/sdk/2.1.1/src/rp2_common/pico_divider/divider_hardware.S.o
                0x10001b0c                __wrap___aeabi_ldivmod
                0x10001b0c                div_s64s64
                0x10001b0c                divmod_s64s64
                0x10001b3c                divmod_u64u64
                0x10001b3c                div_u64u64
                0x10001b3c                __wrap___aeabi_uldivmod
                0x10001b4c                divmod_u64u64_savestate
                0x10001b6c                divmod_s64s64_unsafe
                0x10001bf4                divmod_u64u64_unsafe
 .text.__wrap___aeabi_darithmetic
                0x10001f30       0x60 CMakeFiles/blink.dir/Users/danroberts/.pico-sdk/sdk/2.1.1/src/rp2_common/pico_double/double_aeabi_rp2040.S.o
                0x10001f30                __wrap___aeabi_drsub
                0x10001f36                __wrap___aeabi_dsub
                0x10001f40                __wrap___aeabi_dadd
                0x10001f4a                __wrap___aeabi_ddiv
                0x10001f7e                __wrap___aeabi_dmul
 .text.__wrap___aeabi_cdcmple
                0x10001f90       0x6c CMakeFiles/blink.dir/Users/danroberts/.pico-sdk/sdk/2.1.1/src/rp2_common/pico_double/double_aeabi_rp2040.S.o
                0x10001f90                __wrap___aeabi_cdrcmple
                0x10001fa0                __wrap___aeabi_cdcmple
                0x10001fa0                __wrap___aeabi_cdcmpeq
 .text.__wrap___aeabi_dcmplt
                0x10001ffc        0xc CMakeFiles/blink.dir/Users/danroberts/.pico-sdk/sdk/2.1.1/src/rp2_common/pico_double/double_aeabi_rp2040.S.o
                0x10001ffc                __wrap___aeabi_dcmplt
 .text.__wrap___aeabi_dcmple
                0x10002008       0x10 CMakeFiles/blink.dir/Users/danroberts/.pico-sdk/sdk/2.1.1/src/rp2_common/pico_double/double_aeabi_rp2040.S.o
                0x10002008                __wrap___aeabi_dcmple
 .text.__wrap___aeabi_dcmpge
                0x10002018       0x10 CMakeFiles/blink.dir/Users/danroberts/.pico-sdk/sdk/2.1.1/src/rp2_common/pico_double/double_aeabi_rp2040.S.o
                0x10002018                __wrap___aeabi_dcmpge
 .text.__wrap___aeabi_dcmpgt
                0x10002028        0xa CMakeFiles/blink.dir/Users/danroberts/.pico-sdk/sdk/2.1.1/src/rp2_common/pico_double/double_aeabi_rp2040.S.o
                0x10002028                __wrap___aeabi_dcmpgt
 .text.__wrap___aeabi_dcmpun
                0x10002032       0x18 CMakeFiles/blink.dir/Users/danroberts/.pico-sdk/sdk/2.1.1/src/rp2_common/pico_double/double_aeabi_rp2040.S.o
                0x10002032                __wrap___aeabi_dcmpun
 *fill*         0x1000204a        0x2 
 .text.__wrap___aeabi_i2d
                0x1000204c       0x38 CMakeFiles/blink.dir/Users/danroberts/.pico-sdk/sdk/2.1.1/src/rp2_common/pico_double/double_aeabi_rp2040.S.o
                0x1000204c                __wrap___aeabi_ui2d
                0x1000204c                uint2double
                0x10002054                __wrap___aeabi_i2d
                0x10002054                int2double
 .text.__wrap___aeabi_d2iz
                0x10002084       0x48 CMakeFiles/blink.dir/Users/danroberts/.pico-sdk/sdk/2.1.1/src/rp2_common/pico_double/double_aeabi_rp2040.S.o
                0x10002084                __wrap___aeabi_d2iz
                0x10002084                double2int_z
 .text.__wrap___aeabi_d2uiz
                0x100020cc       0x10 CMakeFiles/blink.dir/Users/danroberts/.pico-sdk/sdk/2.1.1/src/rp2_common/pico_double/double_aeabi_rp2040.S.o
                0x100020cc                double2uint_z
                0x100020cc                double2uint
                0x100020cc                __wrap___aeabi_d2uiz
 .text.missing_double_func_shim
                0x100020dc        0xc CMakeFiles/blink.dir/Users/danroberts/.pico-sdk/sdk/2.1.1/src/rp2_common/pico_double/double_init_rom_rp2040.c.o
 .text.__aeabi_double_init
                0x100020e8       0xa0 CMakeFiles/blink.dir/Users/danroberts/.pico-sdk/sdk/2.1.1/src/rp2_common/pico_double/double_init_rom_rp2040.c.o
                0x100020e8                __aeabi_double_init
 .text.double_table_shim_on_use_helper
                0x10002188       0x2c CMakeFiles/blink.dir/Users/danroberts/.pico-sdk/sdk/2.1.1/src/rp2_common/pico_double/double_v1_rom_shim_rp2040.S.o
                0x10002188                double_table_shim_on_use_helper
 .text.__aeabi_lmul
                0x100021b4       0x32 CMakeFiles/blink.dir/Users/danroberts/.pico-sdk/sdk/2.1.1/src/rp2_common/pico_int64_ops/pico_int64_ops_aeabi.S.o
                0x100021b4                __wrap___aeabi_lmul
 *fill*         0x100021e6        0x2 
 .text.missing_float_func_shim
                0x100021e8        0xc CMakeFiles/blink.dir/Users/danroberts/.pico-sdk/sdk/2.1.1/src/rp2_common/pico_float/float_init_rom_rp2040.c.o
 .text.__aeabi_float_init
                0x100021f4       0x5c CMakeFiles/blink.dir/Users/danroberts/.pico-sdk/sdk/2.1.1/src/rp2_common/pico_float/float_init_rom_rp2040.c.o
                0x100021f4                __aeabi_float_init
 .text          0x10002250       0x10 CMakeFiles/blink.dir/Users/danroberts/.pico-sdk/sdk/2.1.1/src/rp2_common/pico_mem_ops/mem_ops_aeabi.S.o
                0x10002250                __aeabi_mem_init
 .text.memset   0x10002260        0xc CMakeFiles/blink.dir/Users/danroberts/.pico-sdk/sdk/2.1.1/src/rp2_common/pico_mem_ops/mem_ops_aeabi.S.o
                0x10002260                __wrap_memset
 .text.memcpy   0x1000226c        0xc CMakeFiles/blink.dir/Users/danroberts/.pico-sdk/sdk/2.1.1/src/rp2_common/pico_mem_ops/mem_ops_aeabi.S.o
                0x1000226c                __wrap___aeabi_memcpy
                0x1000226c                __wrap_memcpy
 .text._out_null
                0x10002278        0x4 CMakeFiles/blink.dir/Users/danroberts/.pico-sdk/sdk/2.1.1/src/rp2_common/pico_printf/printf.c.o
 .text._out_rev
                0x1000227c       0xac CMakeFiles/blink.dir/Users/danroberts/.pico-sdk/sdk/2.1.1/src/rp2_common/pico_printf/printf.c.o
 .text._ntoa_format
                0x10002328      0x1cc CMakeFiles/blink.dir/Users/danroberts/.pico-sdk/sdk/2.1.1/src/rp2_common/pico_printf/printf.c.o
 .text._out_char
                0x100024f4       0x10 CMakeFiles/blink.dir/Users/danroberts/.pico-sdk/sdk/2.1.1/src/rp2_common/pico_printf/printf.c.o
 .text._out_fct
                0x10002504       0x10 CMakeFiles/blink.dir/Users/danroberts/.pico-sdk/sdk/2.1.1/src/rp2_common/pico_printf/printf.c.o
 .text._ftoa    0x10002514      0x4a8 CMakeFiles/blink.dir/Users/danroberts/.pico-sdk/sdk/2.1.1/src/rp2_common/pico_printf/printf.c.o
 .text._etoa    0x100029bc      0x57c CMakeFiles/blink.dir/Users/danroberts/.pico-sdk/sdk/2.1.1/src/rp2_common/pico_printf/printf.c.o
 .text._vsnprintf
                0x10002f38      0xbe0 CMakeFiles/blink.dir/Users/danroberts/.pico-sdk/sdk/2.1.1/src/rp2_common/pico_printf/printf.c.o
 .text.vfctprintf
                0x10003b18       0x24 CMakeFiles/blink.dir/Users/danroberts/.pico-sdk/sdk/2.1.1/src/rp2_common/pico_printf/printf.c.o
                0x10003b18                vfctprintf
 .text.weak_raw_vprintf
                0x10003b3c       0x30 CMakeFiles/blink.dir/Users/danroberts/.pico-sdk/sdk/2.1.1/src/rp2_common/pico_printf/printf.c.o
                0x10003b3c                weak_raw_vprintf
 .text._exit    0x10003b6c        0x4 CMakeFiles/blink.dir/Users/danroberts/.pico-sdk/sdk/2.1.1/src/rp2_common/pico_clib_interface/newlib_interface.c.o
                0x10003b6c                _exit
 .text.exit     0x10003b70        0x8 CMakeFiles/blink.dir/Users/danroberts/.pico-sdk/sdk/2.1.1/src/rp2_common/pico_clib_interface/newlib_interface.c.o
                0x10003b70                exit
 .text.runtime_init
                0x10003b78       0x2c CMakeFiles/blink.dir/Users/danroberts/.pico-sdk/sdk/2.1.1/src/rp2_common/pico_clib_interface/newlib_interface.c.o
                0x10003b78                runtime_init
 .text.stdio_out_chars_no_crlf
                0x10003ba4       0x10 CMakeFiles/blink.dir/Users/danroberts/.pico-sdk/sdk/2.1.1/src/rp2_common/pico_stdio/stdio.c.o
 .text.stdio_out_chars_crlf
                0x10003bb4       0xb0 CMakeFiles/blink.dir/Users/danroberts/.pico-sdk/sdk/2.1.1/src/rp2_common/pico_stdio/stdio.c.o
 .text.stdio_buffered_printer
                0x10003c64       0x64 CMakeFiles/blink.dir/Users/danroberts/.pico-sdk/sdk/2.1.1/src/rp2_common/pico_stdio/stdio.c.o
 .text.stdio_put_string
                0x10003cc8       0xfc CMakeFiles/blink.dir/Users/danroberts/.pico-sdk/sdk/2.1.1/src/rp2_common/pico_stdio/stdio.c.o
                0x10003cc8                stdio_put_string
 .text.__wrap_putchar
                0x10003dc4       0x94 CMakeFiles/blink.dir/Users/danroberts/.pico-sdk/sdk/2.1.1/src/rp2_common/pico_stdio/stdio.c.o
                0x10003dc4                stdio_putchar
                0x10003dc4                __wrap_putchar
 .text.__wrap_puts
                0x10003e58       0x3c CMakeFiles/blink.dir/Users/danroberts/.pico-sdk/sdk/2.1.1/src/rp2_common/pico_stdio/stdio.c.o
                0x10003e58                __wrap_puts
                0x10003e58                stdio_puts
 .text.__wrap_vprintf
                0x10003e94       0xcc CMakeFiles/blink.dir/Users/danroberts/.pico-sdk/sdk/2.1.1/src/rp2_common/pico_stdio/stdio.c.o
                0x10003e94                __wrap_vprintf
                0x10003e94                stdio_vprintf
 .text.__wrap_printf
                0x10003f60       0x18 CMakeFiles/blink.dir/Users/danroberts/.pico-sdk/sdk/2.1.1/src/rp2_common/pico_stdio/stdio.c.o
                0x10003f60                stdio_printf
                0x10003f60                __wrap_printf
 .text.cyw43_arch_set_async_context
                0x10003f78        0xc CMakeFiles/blink.dir/Users/danroberts/.pico-sdk/sdk/2.1.1/src/rp2_common/pico_cyw43_arch/cyw43_arch.c.o
                0x10003f78                cyw43_arch_set_async_context
 .text.cyw43_arch_gpio_put
                0x10003f84       0x14 CMakeFiles/blink.dir/Users/danroberts/.pico-sdk/sdk/2.1.1/src/rp2_common/pico_cyw43_arch/cyw43_arch.c.o
                0x10003f84                cyw43_arch_gpio_put
 .text.cyw43_arch_async_context
                0x10003f98        0xc CMakeFiles/blink.dir/Users/danroberts/.pico-sdk/sdk/2.1.1/src/rp2_common/pico_cyw43_arch/cyw43_arch.c.o
                0x10003f98                cyw43_arch_async_context
 .text.cyw43_arch_init
                0x10003fa4       0x64 CMakeFiles/blink.dir/Users/danroberts/.pico-sdk/sdk/2.1.1/src/rp2_common/pico_cyw43_arch/cyw43_arch_threadsafe_background.c.o
                0x10003fa4                cyw43_arch_init
 .text.startup._retrieve_unique_id_on_boot
                0x10004008       0x10 CMakeFiles/blink.dir/Users/danroberts/.pico-sdk/sdk/2.1.1/src/rp2_common/pico_unique_id/unique_id.c.o
 .text.pico_get_unique_board_id
                0x10004018       0x10 CMakeFiles/blink.dir/Users/danroberts/.pico-sdk/sdk/2.1.1/src/rp2_common/pico_unique_id/unique_id.c.o
                0x10004018                pico_get_unique_board_id
 .text.flash_get_unique_id
                0x10004028       0x3c CMakeFiles/blink.dir/Users/danroberts/.pico-sdk/sdk/2.1.1/src/rp2_common/hardware_flash/flash.c.o
                0x10004028                flash_get_unique_id
 .text.ns_delay.constprop.0
                0x10004064       0x20 CMakeFiles/blink.dir/Users/danroberts/.pico-sdk/sdk/2.1.1/src/rp2_common/pico_cyw43_driver/cyw43_bus_pio_spi.c.o
 .text.cyw43_spi_deinit
                0x10004084       0x6c CMakeFiles/blink.dir/Users/danroberts/.pico-sdk/sdk/2.1.1/src/rp2_common/pico_cyw43_driver/cyw43_bus_pio_spi.c.o
                0x10004084                cyw43_spi_deinit
 .text.cyw43_spi_init
                0x100040f0      0x128 CMakeFiles/blink.dir/Users/danroberts/.pico-sdk/sdk/2.1.1/src/rp2_common/pico_cyw43_driver/cyw43_bus_pio_spi.c.o
                0x100040f0                cyw43_spi_init
 .text.cyw43_spi_transfer
                0x10004218      0x448 CMakeFiles/blink.dir/Users/danroberts/.pico-sdk/sdk/2.1.1/src/rp2_common/pico_cyw43_driver/cyw43_bus_pio_spi.c.o
                0x10004218                cyw43_spi_transfer
 .text.cyw43_spi_gpio_setup
                0x10004660       0x3c CMakeFiles/blink.dir/Users/danroberts/.pico-sdk/sdk/2.1.1/src/rp2_common/pico_cyw43_driver/cyw43_bus_pio_spi.c.o
                0x10004660                cyw43_spi_gpio_setup
 .text.cyw43_spi_reset
                0x1000469c       0x28 CMakeFiles/blink.dir/Users/danroberts/.pico-sdk/sdk/2.1.1/src/rp2_common/pico_cyw43_driver/cyw43_bus_pio_spi.c.o
                0x1000469c                cyw43_spi_reset
 .text.read_reg_u32_swap
                0x100046c4       0x44 CMakeFiles/blink.dir/Users/danroberts/.pico-sdk/sdk/2.1.1/src/rp2_common/pico_cyw43_driver/cyw43_bus_pio_spi.c.o
                0x100046c4                read_reg_u32_swap
 .text.cyw43_read_reg_u32
                0x10004708       0x58 CMakeFiles/blink.dir/Users/danroberts/.pico-sdk/sdk/2.1.1/src/rp2_common/pico_cyw43_driver/cyw43_bus_pio_spi.c.o
                0x10004708                cyw43_read_reg_u32
 .text.cyw43_read_reg_u16
                0x10004760       0x58 CMakeFiles/blink.dir/Users/danroberts/.pico-sdk/sdk/2.1.1/src/rp2_common/pico_cyw43_driver/cyw43_bus_pio_spi.c.o
                0x10004760                cyw43_read_reg_u16
 .text.cyw43_read_reg_u8
                0x100047b8       0x58 CMakeFiles/blink.dir/Users/danroberts/.pico-sdk/sdk/2.1.1/src/rp2_common/pico_cyw43_driver/cyw43_bus_pio_spi.c.o
                0x100047b8                cyw43_read_reg_u8
 .text.write_reg_u32_swap
                0x10004810      0x214 CMakeFiles/blink.dir/Users/danroberts/.pico-sdk/sdk/2.1.1/src/rp2_common/pico_cyw43_driver/cyw43_bus_pio_spi.c.o
                0x10004810                write_reg_u32_swap
 .text.cyw43_write_reg_u32
                0x10004a24      0x234 CMakeFiles/blink.dir/Users/danroberts/.pico-sdk/sdk/2.1.1/src/rp2_common/pico_cyw43_driver/cyw43_bus_pio_spi.c.o
                0x10004a24                cyw43_write_reg_u32
 .text.cyw43_write_reg_u16
                0x10004c58      0x234 CMakeFiles/blink.dir/Users/danroberts/.pico-sdk/sdk/2.1.1/src/rp2_common/pico_cyw43_driver/cyw43_bus_pio_spi.c.o
                0x10004c58                cyw43_write_reg_u16
 .text.cyw43_write_reg_u8
                0x10004e8c      0x234 CMakeFiles/blink.dir/Users/danroberts/.pico-sdk/sdk/2.1.1/src/rp2_common/pico_cyw43_driver/cyw43_bus_pio_spi.c.o
                0x10004e8c                cyw43_write_reg_u8
 .text.cyw43_read_bytes
                0x100050c0       0x78 CMakeFiles/blink.dir/Users/danroberts/.pico-sdk/sdk/2.1.1/src/rp2_common/pico_cyw43_driver/cyw43_bus_pio_spi.c.o
                0x100050c0                cyw43_read_bytes
 .text.cyw43_write_bytes
                0x10005138       0xd4 CMakeFiles/blink.dir/Users/danroberts/.pico-sdk/sdk/2.1.1/src/rp2_common/pico_cyw43_driver/cyw43_bus_pio_spi.c.o
                0x10005138                cyw43_write_bytes
 .text.cyw43_set_backplane_window
                0x1000520c       0x68 CMakeFiles/blink.dir/Users/danroberts/.pico-sdk/sdk/2.1.1/lib/cyw43-driver/src/cyw43_ll.c.o
 .text.cyw43_ll_parse_async_event
                0x10005274      0x138 CMakeFiles/blink.dir/Users/danroberts/.pico-sdk/sdk/2.1.1/lib/cyw43-driver/src/cyw43_ll.c.o
 .text.cyw43_kso_set
                0x100053ac       0x80 CMakeFiles/blink.dir/Users/danroberts/.pico-sdk/sdk/2.1.1/lib/cyw43-driver/src/cyw43_ll.c.o
 .text.cyw43_ll_sdpcm_poll_device
                0x1000542c      0x238 CMakeFiles/blink.dir/Users/danroberts/.pico-sdk/sdk/2.1.1/lib/cyw43-driver/src/cyw43_ll.c.o
 .text.cyw43_sdpcm_send_common
                0x10005664       0xfc CMakeFiles/blink.dir/Users/danroberts/.pico-sdk/sdk/2.1.1/lib/cyw43-driver/src/cyw43_ll.c.o
 .text.cyw43_do_ioctl.part.0
                0x10005760       0xc4 CMakeFiles/blink.dir/Users/danroberts/.pico-sdk/sdk/2.1.1/lib/cyw43-driver/src/cyw43_ll.c.o
 .text.cyw43_write_iovar_u32.constprop.0
                0x10005824       0x98 CMakeFiles/blink.dir/Users/danroberts/.pico-sdk/sdk/2.1.1/lib/cyw43-driver/src/cyw43_ll.c.o
 .text.cyw43_write_iovar_n
                0x100058bc       0x8c CMakeFiles/blink.dir/Users/danroberts/.pico-sdk/sdk/2.1.1/lib/cyw43-driver/src/cyw43_ll.c.o
 .text.cyw43_read_backplane.constprop.0
                0x10005948       0xe4 CMakeFiles/blink.dir/Users/danroberts/.pico-sdk/sdk/2.1.1/lib/cyw43-driver/src/cyw43_ll.c.o
 .text.cyw43_write_backplane
                0x10005a2c      0x10c CMakeFiles/blink.dir/Users/danroberts/.pico-sdk/sdk/2.1.1/lib/cyw43-driver/src/cyw43_ll.c.o
 .text.reset_device_core.constprop.0
                0x10005b38      0x410 CMakeFiles/blink.dir/Users/danroberts/.pico-sdk/sdk/2.1.1/lib/cyw43-driver/src/cyw43_ll.c.o
 .text.cyw43_ll_init
                0x10005f48       0x1c CMakeFiles/blink.dir/Users/danroberts/.pico-sdk/sdk/2.1.1/lib/cyw43-driver/src/cyw43_ll.c.o
                0x10005f48                cyw43_ll_init
 .text.cyw43_ll_deinit
                0x10005f64        0x8 CMakeFiles/blink.dir/Users/danroberts/.pico-sdk/sdk/2.1.1/lib/cyw43-driver/src/cyw43_ll.c.o
                0x10005f64                cyw43_ll_deinit
 .text.cyw43_ll_process_packets
                0x10005f6c       0x54 CMakeFiles/blink.dir/Users/danroberts/.pico-sdk/sdk/2.1.1/lib/cyw43-driver/src/cyw43_ll.c.o
                0x10005f6c                cyw43_ll_process_packets
 .text.cyw43_ll_ioctl
                0x10005fc0       0x80 CMakeFiles/blink.dir/Users/danroberts/.pico-sdk/sdk/2.1.1/lib/cyw43-driver/src/cyw43_ll.c.o
                0x10005fc0                cyw43_ll_ioctl
 .text.cyw43_ll_bus_sleep
                0x10006040       0x34 CMakeFiles/blink.dir/Users/danroberts/.pico-sdk/sdk/2.1.1/lib/cyw43-driver/src/cyw43_ll.c.o
                0x10006040                cyw43_ll_bus_sleep
 .text.cyw43_ll_wifi_get_mac
                0x10006074       0x78 CMakeFiles/blink.dir/Users/danroberts/.pico-sdk/sdk/2.1.1/lib/cyw43-driver/src/cyw43_ll.c.o
                0x10006074                cyw43_ll_wifi_get_mac
 .text.cyw43_ll_bus_init
                0x100060ec      0x8d8 CMakeFiles/blink.dir/Users/danroberts/.pico-sdk/sdk/2.1.1/lib/cyw43-driver/src/cyw43_ll.c.o
                0x100060ec                cyw43_ll_bus_init
 .text.cyw43_ll_wifi_set_wpa_auth
                0x100069c4       0x4c CMakeFiles/blink.dir/Users/danroberts/.pico-sdk/sdk/2.1.1/lib/cyw43-driver/src/cyw43_ll.c.o
                0x100069c4                cyw43_ll_wifi_set_wpa_auth
 .text.cyw43_ll_wifi_rejoin
                0x10006a10       0x58 CMakeFiles/blink.dir/Users/danroberts/.pico-sdk/sdk/2.1.1/lib/cyw43-driver/src/cyw43_ll.c.o
                0x10006a10                cyw43_ll_wifi_rejoin
 .text.cyw43_ll_gpio_set
                0x10006a68       0x94 CMakeFiles/blink.dir/Users/danroberts/.pico-sdk/sdk/2.1.1/lib/cyw43-driver/src/cyw43_ll.c.o
                0x10006a68                cyw43_ll_gpio_set
 .text.cyw43_ll_has_work
                0x10006afc       0x14 CMakeFiles/blink.dir/Users/danroberts/.pico-sdk/sdk/2.1.1/lib/cyw43-driver/src/cyw43_ll.c.o
                0x10006afc                cyw43_ll_has_work
 .text.cyw43_poll_func
                0x10006b10       0xc0 CMakeFiles/blink.dir/Users/danroberts/.pico-sdk/sdk/2.1.1/lib/cyw43-driver/src/cyw43_ctrl.c.o
 .text.cyw43_init
                0x10006bd0       0x6c CMakeFiles/blink.dir/Users/danroberts/.pico-sdk/sdk/2.1.1/lib/cyw43-driver/src/cyw43_ctrl.c.o
                0x10006bd0                cyw43_init
 .text.cyw43_deinit
                0x10006c3c       0x90 CMakeFiles/blink.dir/Users/danroberts/.pico-sdk/sdk/2.1.1/lib/cyw43-driver/src/cyw43_ctrl.c.o
                0x10006c3c                cyw43_deinit
 .text.cyw43_cb_read_host_interrupt_pin
                0x10006ccc        0xc CMakeFiles/blink.dir/Users/danroberts/.pico-sdk/sdk/2.1.1/lib/cyw43-driver/src/cyw43_ctrl.c.o
                0x10006ccc                cyw43_cb_read_host_interrupt_pin
 .text.cyw43_cb_ensure_awake
                0x10006cd8        0xc CMakeFiles/blink.dir/Users/danroberts/.pico-sdk/sdk/2.1.1/lib/cyw43-driver/src/cyw43_ctrl.c.o
                0x10006cd8                cyw43_cb_ensure_awake
 .text.cyw43_cb_process_async_event
                0x10006ce4      0x210 CMakeFiles/blink.dir/Users/danroberts/.pico-sdk/sdk/2.1.1/lib/cyw43-driver/src/cyw43_ctrl.c.o
                0x10006ce4                cyw43_cb_process_async_event
 .text.cyw43_gpio_set
                0x10006ef4       0xa4 CMakeFiles/blink.dir/Users/danroberts/.pico-sdk/sdk/2.1.1/lib/cyw43-driver/src/cyw43_ctrl.c.o
                0x10006ef4                cyw43_gpio_set
 .text.pio_sm_set_pindirs_with_mask64
                0x10006f98       0xac CMakeFiles/blink.dir/Users/danroberts/.pico-sdk/sdk/2.1.1/src/rp2_common/hardware_pio/pio.c.o
                0x10006f98                pio_sm_set_pindirs_with_mask64
 .text.pio_sm_set_consecutive_pindirs
                0x10007044       0xb4 CMakeFiles/blink.dir/Users/danroberts/.pico-sdk/sdk/2.1.1/src/rp2_common/hardware_pio/pio.c.o
                0x10007044                pio_sm_set_consecutive_pindirs
 .text.pio_claim_free_sm_and_add_program_for_gpio_range
                0x100070f8      0x184 CMakeFiles/blink.dir/Users/danroberts/.pico-sdk/sdk/2.1.1/src/rp2_common/hardware_pio/pio.c.o
                0x100070f8                pio_claim_free_sm_and_add_program_for_gpio_range
 .text.pio_remove_program_and_unclaim_sm
                0x1000727c       0x40 CMakeFiles/blink.dir/Users/danroberts/.pico-sdk/sdk/2.1.1/src/rp2_common/hardware_pio/pio.c.o
                0x1000727c                pio_remove_program_and_unclaim_sm
 .text.dma_channel_unclaim
                0x100072bc       0x14 CMakeFiles/blink.dir/Users/danroberts/.pico-sdk/sdk/2.1.1/src/rp2_common/hardware_dma/dma.c.o
                0x100072bc                dma_channel_unclaim
 .text.dma_claim_unused_channel
                0x100072d0       0x24 CMakeFiles/blink.dir/Users/danroberts/.pico-sdk/sdk/2.1.1/src/rp2_common/hardware_dma/dma.c.o
                0x100072d0                dma_claim_unused_channel
 .text.dma_channel_cleanup
                0x100072f4       0x64 CMakeFiles/blink.dir/Users/danroberts/.pico-sdk/sdk/2.1.1/src/rp2_common/hardware_dma/dma.c.o
                0x100072f4                dma_channel_cleanup
 .text.cyw43_sleep_timeout_reached
                0x10007358       0x10 CMakeFiles/blink.dir/Users/danroberts/.pico-sdk/sdk/2.1.1/src/rp2_common/pico_cyw43_driver/cyw43_driver.c.o
 .text.cyw43_irq_init
                0x10007368       0x28 CMakeFiles/blink.dir/Users/danroberts/.pico-sdk/sdk/2.1.1/src/rp2_common/pico_cyw43_driver/cyw43_driver.c.o
                0x10007368                cyw43_irq_init
 .text.cyw43_irq_deinit
                0x10007390       0x20 CMakeFiles/blink.dir/Users/danroberts/.pico-sdk/sdk/2.1.1/src/rp2_common/pico_cyw43_driver/cyw43_driver.c.o
                0x10007390                cyw43_irq_deinit
 .text.cyw43_gpio_irq_handler
                0x100073b0       0x44 CMakeFiles/blink.dir/Users/danroberts/.pico-sdk/sdk/2.1.1/src/rp2_common/pico_cyw43_driver/cyw43_driver.c.o
 .text.cyw43_do_poll
                0x100073f4       0x6c CMakeFiles/blink.dir/Users/danroberts/.pico-sdk/sdk/2.1.1/src/rp2_common/pico_cyw43_driver/cyw43_driver.c.o
 .text.cyw43_post_poll_hook
                0x10007460       0x10 CMakeFiles/blink.dir/Users/danroberts/.pico-sdk/sdk/2.1.1/src/rp2_common/pico_cyw43_driver/cyw43_driver.c.o
                0x10007460                cyw43_post_poll_hook
 .text.cyw43_schedule_internal_poll_dispatch
                0x10007470       0x18 CMakeFiles/blink.dir/Users/danroberts/.pico-sdk/sdk/2.1.1/src/rp2_common/pico_cyw43_driver/cyw43_driver.c.o
                0x10007470                cyw43_schedule_internal_poll_dispatch
 .text.cyw43_driver_init
                0x10007488       0x38 CMakeFiles/blink.dir/Users/danroberts/.pico-sdk/sdk/2.1.1/src/rp2_common/pico_cyw43_driver/cyw43_driver.c.o
                0x10007488                cyw43_driver_init
 .text.cyw43_driver_deinit
                0x100074c0       0x44 CMakeFiles/blink.dir/Users/danroberts/.pico-sdk/sdk/2.1.1/src/rp2_common/pico_cyw43_driver/cyw43_driver.c.o
                0x100074c0                cyw43_driver_deinit
 .text.cyw43_hal_generate_laa_mac
                0x10007504       0x28 CMakeFiles/blink.dir/Users/danroberts/.pico-sdk/sdk/2.1.1/src/rp2_common/pico_cyw43_driver/cyw43_driver.c.o
                0x10007504                cyw43_hal_generate_laa_mac
 .text.cyw43_thread_enter
                0x1000752c       0x14 CMakeFiles/blink.dir/Users/danroberts/.pico-sdk/sdk/2.1.1/src/rp2_common/pico_cyw43_driver/cyw43_driver.c.o
                0x1000752c                cyw43_thread_enter
 .text.cyw43_thread_exit
                0x10007540       0x14 CMakeFiles/blink.dir/Users/danroberts/.pico-sdk/sdk/2.1.1/src/rp2_common/pico_cyw43_driver/cyw43_driver.c.o
                0x10007540                cyw43_thread_exit
 .text.cyw43_await_background_or_timeout_us
                0x10007554       0x5c CMakeFiles/blink.dir/Users/danroberts/.pico-sdk/sdk/2.1.1/src/rp2_common/pico_cyw43_driver/cyw43_driver.c.o
                0x10007554                cyw43_await_background_or_timeout_us
 .text.cyw43_delay_ms
                0x100075b0       0x44 CMakeFiles/blink.dir/Users/danroberts/.pico-sdk/sdk/2.1.1/src/rp2_common/pico_cyw43_driver/cyw43_driver.c.o
                0x100075b0                cyw43_delay_ms
 .text.cyw43_cb_tcpip_deinit
                0x100075f4        0x4 CMakeFiles/blink.dir/Users/danroberts/.pico-sdk/sdk/2.1.1/src/rp2_common/pico_cyw43_driver/cyw43_driver.c.o
                0x100075f4                cyw43_cb_tcpip_deinit
 .text.cyw43_cb_tcpip_set_link_up
                0x100075f8        0xc CMakeFiles/blink.dir/Users/danroberts/.pico-sdk/sdk/2.1.1/src/rp2_common/pico_cyw43_driver/cyw43_driver.c.o
                0x100075f8                cyw43_cb_tcpip_set_link_up
 .text.cyw43_cb_tcpip_set_link_down
                0x10007604        0xc CMakeFiles/blink.dir/Users/danroberts/.pico-sdk/sdk/2.1.1/src/rp2_common/pico_cyw43_driver/cyw43_driver.c.o
                0x10007604                cyw43_cb_tcpip_set_link_down
 .text.cyw43_cb_process_ethernet
                0x10007610        0xc CMakeFiles/blink.dir/Users/danroberts/.pico-sdk/sdk/2.1.1/src/rp2_common/pico_cyw43_driver/cyw43_driver.c.o
                0x10007610                cyw43_cb_process_ethernet
 .text.async_context_threadsafe_background_acquire_lock_blocking
                0x1000761c        0xc CMakeFiles/blink.dir/Users/danroberts/.pico-sdk/sdk/2.1.1/src/rp2_common/pico_async_context/async_context_threadsafe_background.c.o
 .text.alarm_handler
                0x10007628       0x20 CMakeFiles/blink.dir/Users/danroberts/.pico-sdk/sdk/2.1.1/src/rp2_common/pico_async_context/async_context_threadsafe_background.c.o
 .text.async_context_threadsafe_background_set_work_pending
                0x10007648       0x1c CMakeFiles/blink.dir/Users/danroberts/.pico-sdk/sdk/2.1.1/src/rp2_common/pico_async_context/async_context_threadsafe_background.c.o
 .text.process_under_lock
                0x10007664       0xcc CMakeFiles/blink.dir/Users/danroberts/.pico-sdk/sdk/2.1.1/src/rp2_common/pico_async_context/async_context_threadsafe_background.c.o
 .text.async_context_threadsafe_background_execute_sync
                0x10007730       0x30 CMakeFiles/blink.dir/Users/danroberts/.pico-sdk/sdk/2.1.1/src/rp2_common/pico_async_context/async_context_threadsafe_background.c.o
                0x10007730                async_context_threadsafe_background_execute_sync
 .text.async_context_threadsafe_background_deinit
                0x10007760       0x54 CMakeFiles/blink.dir/Users/danroberts/.pico-sdk/sdk/2.1.1/src/rp2_common/pico_async_context/async_context_threadsafe_background.c.o
 .text.low_priority_irq_handler
                0x100077b4       0x3c CMakeFiles/blink.dir/Users/danroberts/.pico-sdk/sdk/2.1.1/src/rp2_common/pico_async_context/async_context_threadsafe_background.c.o
 .text.async_context_threadsafe_background_wait_for_work_until
                0x100077f0        0xc CMakeFiles/blink.dir/Users/danroberts/.pico-sdk/sdk/2.1.1/src/rp2_common/pico_async_context/async_context_threadsafe_background.c.o
 .text.async_context_threadsafe_background_wait_until
                0x100077fc       0x1c CMakeFiles/blink.dir/Users/danroberts/.pico-sdk/sdk/2.1.1/src/rp2_common/pico_async_context/async_context_threadsafe_background.c.o
 .text.async_context_threadsafe_background_lock_check
                0x10007818       0x28 CMakeFiles/blink.dir/Users/danroberts/.pico-sdk/sdk/2.1.1/src/rp2_common/pico_async_context/async_context_threadsafe_background.c.o
 .text.async_context_threadsafe_background_release_lock
                0x10007840       0x1c CMakeFiles/blink.dir/Users/danroberts/.pico-sdk/sdk/2.1.1/src/rp2_common/pico_async_context/async_context_threadsafe_background.c.o
 .text.async_context_threadsafe_background_when_pending_worker
                0x1000785c       0x34 CMakeFiles/blink.dir/Users/danroberts/.pico-sdk/sdk/2.1.1/src/rp2_common/pico_async_context/async_context_threadsafe_background.c.o
 .text.async_context_threadsafe_background_add_when_pending_worker
                0x10007890       0x34 CMakeFiles/blink.dir/Users/danroberts/.pico-sdk/sdk/2.1.1/src/rp2_common/pico_async_context/async_context_threadsafe_background.c.o
 .text.async_context_threadsafe_background_remove_at_time_worker
                0x100078c4       0x34 CMakeFiles/blink.dir/Users/danroberts/.pico-sdk/sdk/2.1.1/src/rp2_common/pico_async_context/async_context_threadsafe_background.c.o
 .text.async_context_threadsafe_background_add_at_time_worker
                0x100078f8       0x34 CMakeFiles/blink.dir/Users/danroberts/.pico-sdk/sdk/2.1.1/src/rp2_common/pico_async_context/async_context_threadsafe_background.c.o
 .text.async_context_threadsafe_background_default_config
                0x1000792c        0xc CMakeFiles/blink.dir/Users/danroberts/.pico-sdk/sdk/2.1.1/src/rp2_common/pico_async_context/async_context_threadsafe_background.c.o
                0x1000792c                async_context_threadsafe_background_default_config
 .text.async_context_threadsafe_background_init
                0x10007938       0x8c CMakeFiles/blink.dir/Users/danroberts/.pico-sdk/sdk/2.1.1/src/rp2_common/pico_async_context/async_context_threadsafe_background.c.o
                0x10007938                async_context_threadsafe_background_init
 .text.async_context_base_add_at_time_worker
                0x100079c4       0x28 CMakeFiles/blink.dir/Users/danroberts/.pico-sdk/sdk/2.1.1/src/rp2_common/pico_async_context/async_context_base.c.o
                0x100079c4                async_context_base_add_at_time_worker
 .text.async_context_base_remove_at_time_worker
                0x100079ec       0x24 CMakeFiles/blink.dir/Users/danroberts/.pico-sdk/sdk/2.1.1/src/rp2_common/pico_async_context/async_context_base.c.o
                0x100079ec                async_context_base_remove_at_time_worker
 .text.async_context_base_add_when_pending_worker
                0x10007a10       0x24 CMakeFiles/blink.dir/Users/danroberts/.pico-sdk/sdk/2.1.1/src/rp2_common/pico_async_context/async_context_base.c.o
                0x10007a10                async_context_base_add_when_pending_worker
 .text.async_context_base_remove_when_pending_worker
                0x10007a34       0x24 CMakeFiles/blink.dir/Users/danroberts/.pico-sdk/sdk/2.1.1/src/rp2_common/pico_async_context/async_context_base.c.o
                0x10007a34                async_context_base_remove_when_pending_worker
 .text.async_context_base_execute_once
                0x10007a58      0x108 CMakeFiles/blink.dir/Users/danroberts/.pico-sdk/sdk/2.1.1/src/rp2_common/pico_async_context/async_context_base.c.o
                0x10007a58                async_context_base_execute_once
 .text.memmove  0x10007b60       0xc4 /Users/danroberts/.pico-sdk/toolchain/14_2_Rel1/bin/../lib/gcc/arm-none-eabi/14.2.1/../../../../arm-none-eabi/lib/thumb/v6-m/nofp/libg.a(libc_a-memmove.o)
                0x10007b60                memmove
 .text.strncmp  0x10007c24       0x68 /Users/danroberts/.pico-sdk/toolchain/14_2_Rel1/bin/../lib/gcc/arm-none-eabi/14.2.1/../../../../arm-none-eabi/lib/thumb/v6-m/nofp/libg.a(libc_a-strncmp.o)
                0x10007c24                strncmp
 .text.strlen   0x10007c8c       0x5c /Users/danroberts/.pico-sdk/toolchain/14_2_Rel1/bin/../lib/gcc/arm-none-eabi/14.2.1/../../../../arm-none-eabi/lib/thumb/v6-m/nofp/libg.a(libc_a-strlen-stub.o)
                0x10007c8c                strlen
 *(.fini)
 .fini          0x10007ce8        0x4 /Users/danroberts/.pico-sdk/toolchain/14_2_Rel1/bin/../lib/gcc/arm-none-eabi/14.2.1/thumb/v6-m/nofp/crti.o
                0x10007ce8                _fini
 *fill*         0x10007cec        0x4 
 .fini.__stub   0x10007cf0       0xa0 linker stubs
 *crtbegin.o(.ctors)
 *crtbegin?.o(.ctors)
 *(EXCLUDE_FILE(*crtend.o *crtend?.o) .ctors)
 *(SORT_BY_NAME(.ctors.*))
 *(.ctors)
 *crtbegin.o(.dtors)
 *crtbegin?.o(.dtors)
 *(EXCLUDE_FILE(*crtend.o *crtend?.o) .dtors)
 *(SORT_BY_NAME(.dtors.*))
 *(.dtors)
                0x10007d90                        . = ALIGN (0x4)
                0x10007d90                        PROVIDE (__preinit_array_start = .)
 *(SORT_BY_NAME(.preinit_array.*))
 .preinit_array.00100
                0x10007d90        0x4 CMakeFiles/blink.dir/Users/danroberts/.pico-sdk/sdk/2.1.1/src/rp2_common/pico_runtime_init/runtime_init.c.o
                0x10007d90                __pre_init_runtime_init_early_resets
 .preinit_array.00101
                0x10007d94        0x4 CMakeFiles/blink.dir/Users/danroberts/.pico-sdk/sdk/2.1.1/src/rp2_common/pico_runtime_init/runtime_init.c.o
                0x10007d94                __pre_init_runtime_init_usb_power_down
 .preinit_array.00275
                0x10007d98        0x4 CMakeFiles/blink.dir/Users/danroberts/.pico-sdk/sdk/2.1.1/src/rp2_common/pico_bit_ops/bit_ops_aeabi.S.o
 .preinit_array.00300
                0x10007d9c        0x4 CMakeFiles/blink.dir/Users/danroberts/.pico-sdk/sdk/2.1.1/src/rp2_common/pico_mem_ops/mem_ops_aeabi.S.o
 .preinit_array.00350
                0x10007da0        0x4 CMakeFiles/blink.dir/Users/danroberts/.pico-sdk/sdk/2.1.1/src/rp2_common/pico_double/double_aeabi_rp2040.S.o
 .preinit_array.00350
                0x10007da4        0x4 CMakeFiles/blink.dir/Users/danroberts/.pico-sdk/sdk/2.1.1/src/rp2_common/pico_float/float_aeabi_rp2040.S.o
 .preinit_array.00500
                0x10007da8        0x4 CMakeFiles/blink.dir/Users/danroberts/.pico-sdk/sdk/2.1.1/src/rp2_common/pico_runtime_init/runtime_init.c.o
                0x10007da8                __pre_init_runtime_init_clocks
 .preinit_array.00600
                0x10007dac        0x4 CMakeFiles/blink.dir/Users/danroberts/.pico-sdk/sdk/2.1.1/src/rp2_common/pico_runtime_init/runtime_init.c.o
                0x10007dac                __pre_init_runtime_init_post_clock_resets
 .preinit_array.00700
                0x10007db0        0x4 CMakeFiles/blink.dir/Users/danroberts/.pico-sdk/sdk/2.1.1/src/rp2_common/pico_runtime_init/runtime_init.c.o
                0x10007db0                __pre_init_runtime_init_rp2040_gpio_ie_disable
 .preinit_array.01000
                0x10007db4        0x4 CMakeFiles/blink.dir/Users/danroberts/.pico-sdk/sdk/2.1.1/src/rp2_common/pico_runtime_init/runtime_init.c.o
                0x10007db4                __pre_init_runtime_init_spin_locks_reset
 .preinit_array.01100
                0x10007db8        0x4 CMakeFiles/blink.dir/Users/danroberts/.pico-sdk/sdk/2.1.1/src/common/pico_sync/mutex.c.o
                0x10007db8                __pre_init_runtime_init_mutex
 .preinit_array.10080
                0x10007dbc        0x4 CMakeFiles/blink.dir/Users/danroberts/.pico-sdk/sdk/2.1.1/src/rp2_common/pico_runtime_init/runtime_init.c.o
                0x10007dbc                __pre_init_runtime_init_install_ram_vector_table
 .preinit_array.11000
                0x10007dc0        0x4 CMakeFiles/blink.dir/Users/danroberts/.pico-sdk/sdk/2.1.1/src/common/pico_time/time.c.o
                0x10007dc0                __pre_init_runtime_init_default_alarm_pool
 .preinit_array.YYYYY
                0x10007dc4        0x4 CMakeFiles/blink.dir/Users/danroberts/.pico-sdk/sdk/2.1.1/src/rp2_common/pico_runtime/runtime.c.o
                0x10007dc4                __pre_init_first_per_core_initializer
 .preinit_array.ZZZZZ.01200
                0x10007dc8        0x4 CMakeFiles/blink.dir/Users/danroberts/.pico-sdk/sdk/2.1.1/src/rp2_common/hardware_irq/irq.c.o
                0x10007dc8                __pre_init_runtime_init_per_core_irq_priorities
 *(.preinit_array)
                0x10007dcc                        PROVIDE (__preinit_array_end = .)
                0x10007dcc                        . = ALIGN (0x4)
                0x10007dcc                        PROVIDE (__init_array_start = .)
 *(SORT_BY_NAME(.init_array.*))
 *(.init_array)
 .init_array    0x10007dcc        0x4 /Users/danroberts/.pico-sdk/toolchain/14_2_Rel1/bin/../lib/gcc/arm-none-eabi/14.2.1/thumb/v6-m/nofp/crtbegin.o
 .init_array    0x10007dd0        0x4 CMakeFiles/blink.dir/Users/danroberts/.pico-sdk/sdk/2.1.1/src/rp2_common/pico_unique_id/unique_id.c.o
                0x10007dd4                        PROVIDE (__init_array_end = .)
                0x10007dd4                        . = ALIGN (0x4)
                [!provide]                        PROVIDE (__fini_array_start = .)
 *(SORT_BY_NAME(.fini_array.*))
 *(.fini_array)
                [!provide]                        PROVIDE (__fini_array_end = .)
 *(.eh_frame*)
 .eh_frame      0x10007dd4        0x0 /Users/danroberts/.pico-sdk/toolchain/14_2_Rel1/bin/../lib/gcc/arm-none-eabi/14.2.1/thumb/v6-m/nofp/crtbegin.o
                0x10007dd4                        . = ALIGN (0x4)

.glue_7         0x10007dd4        0x0
 .glue_7        0x10007dd4        0x0 linker stubs

.glue_7t        0x10007dd4        0x0
 .glue_7t       0x10007dd4        0x0 linker stubs

.vfp11_veneer   0x10007dd4        0x0
 .vfp11_veneer  0x10007dd4        0x0 linker stubs

.v4_bx          0x10007dd4        0x0
 .v4_bx         0x10007dd4        0x0 linker stubs

.iplt           0x10007dd4        0x0
 .iplt          0x10007dd4        0x0 /Users/danroberts/.pico-sdk/toolchain/14_2_Rel1/bin/../lib/gcc/arm-none-eabi/14.2.1/thumb/v6-m/nofp/crtbegin.o

.rodata         0x10007dd8    0x37c80
 *(EXCLUDE_FILE(*libm.a: *libc.a:*lib_a-mem*.o *libgcc.a:) .rodata*)
 .rodata.panic.str1.4
                0x10007dd8      0x488 CMakeFiles/blink.dir/Users/danroberts/.pico-sdk/sdk/2.1.1/src/rp2_common/pico_platform_panic/panic.c.o
                                 0x12 (size before relaxing)
 .rodata.user_irq_claim_unused.str1.4
                0x10008260       0x1b CMakeFiles/blink.dir/Users/danroberts/.pico-sdk/sdk/2.1.1/src/rp2_common/hardware_irq/irq.c.o
 .rodata.at_the_end_of_time
                0x10008260        0x8 CMakeFiles/blink.dir/Users/danroberts/.pico-sdk/sdk/2.1.1/src/common/pico_time/time.c.o
                0x10008260                at_the_end_of_time
 .rodata.timer_hardware_alarm_claim.str1.4
                0x10008268       0x22 CMakeFiles/blink.dir/Users/danroberts/.pico-sdk/sdk/2.1.1/src/rp2_common/hardware_timer/timer.c.o
 .rodata.hard_assertion_failure.str1.4
                0x10008268        0xc CMakeFiles/blink.dir/Users/danroberts/.pico-sdk/sdk/2.1.1/src/rp2_common/pico_runtime/runtime.c.o
 .rodata.missing_double_func_shim.str1.4
                0x10008268       0x18 CMakeFiles/blink.dir/Users/danroberts/.pico-sdk/sdk/2.1.1/src/rp2_common/pico_double/double_init_rom_rp2040.c.o
 .rodata.missing_float_func_shim.str1.4
                0x10008268        0x1 CMakeFiles/blink.dir/Users/danroberts/.pico-sdk/sdk/2.1.1/src/rp2_common/pico_float/float_init_rom_rp2040.c.o
 .rodata.str1.4
                0x10008268       0x3c CMakeFiles/blink.dir/Users/danroberts/.pico-sdk/sdk/2.1.1/src/rp2_common/pico_standard_binary_info/standard_binary_info.c.o
 .rodata.__bi_84
                0x10008268        0xc CMakeFiles/blink.dir/Users/danroberts/.pico-sdk/sdk/2.1.1/src/rp2_common/pico_standard_binary_info/standard_binary_info.c.o
 .rodata.__bi_78
                0x10008274        0xc CMakeFiles/blink.dir/Users/danroberts/.pico-sdk/sdk/2.1.1/src/rp2_common/pico_standard_binary_info/standard_binary_info.c.o
 .rodata.__bi_54
                0x10008280        0xc CMakeFiles/blink.dir/Users/danroberts/.pico-sdk/sdk/2.1.1/src/rp2_common/pico_standard_binary_info/standard_binary_info.c.o
 .rodata.__bi_48
                0x1000828c        0xc CMakeFiles/blink.dir/Users/danroberts/.pico-sdk/sdk/2.1.1/src/rp2_common/pico_standard_binary_info/standard_binary_info.c.o
 .rodata.__bi_42
                0x10008298        0xc CMakeFiles/blink.dir/Users/danroberts/.pico-sdk/sdk/2.1.1/src/rp2_common/pico_standard_binary_info/standard_binary_info.c.o
 .rodata.__bi_34
                0x100082a4        0xc CMakeFiles/blink.dir/Users/danroberts/.pico-sdk/sdk/2.1.1/src/rp2_common/pico_standard_binary_info/standard_binary_info.c.o
 .rodata.__bi_26
                0x100082b0        0xc CMakeFiles/blink.dir/Users/danroberts/.pico-sdk/sdk/2.1.1/src/rp2_common/pico_standard_binary_info/standard_binary_info.c.o
 .rodata._ftoa.str1.4
                0x100082bc       0x15 CMakeFiles/blink.dir/Users/danroberts/.pico-sdk/sdk/2.1.1/src/rp2_common/pico_printf/printf.c.o
 .rodata._vsnprintf
                0x100082bc      0x19c CMakeFiles/blink.dir/Users/danroberts/.pico-sdk/sdk/2.1.1/src/rp2_common/pico_printf/printf.c.o
 .rodata.pow10.0
                0x10008458       0x50 CMakeFiles/blink.dir/Users/danroberts/.pico-sdk/sdk/2.1.1/src/rp2_common/pico_printf/printf.c.o
 .rodata.crlf_str.0
                0x100084a8        0x2 CMakeFiles/blink.dir/Users/danroberts/.pico-sdk/sdk/2.1.1/src/rp2_common/pico_stdio/stdio.c.o
 .rodata.cyw43_read_bytes.str1.4
                0x100084aa       0x1a CMakeFiles/blink.dir/Users/danroberts/.pico-sdk/sdk/2.1.1/src/rp2_common/pico_cyw43_driver/cyw43_bus_pio_spi.c.o
 .rodata.cyw43_write_bytes.str1.4
                0x100084aa        0xd CMakeFiles/blink.dir/Users/danroberts/.pico-sdk/sdk/2.1.1/src/rp2_common/pico_cyw43_driver/cyw43_bus_pio_spi.c.o
 *fill*         0x100084aa        0x2 
 .rodata.spi_gap01_sample0_program
                0x100084ac        0x8 CMakeFiles/blink.dir/Users/danroberts/.pico-sdk/sdk/2.1.1/src/rp2_common/pico_cyw43_driver/cyw43_bus_pio_spi.c.o
 .rodata.spi_gap01_sample0_program_instructions
                0x100084b4        0xc CMakeFiles/blink.dir/Users/danroberts/.pico-sdk/sdk/2.1.1/src/rp2_common/pico_cyw43_driver/cyw43_bus_pio_spi.c.o
 .rodata.cyw43_kso_set.str1.4
                0x100084c0       0x23 CMakeFiles/blink.dir/Users/danroberts/.pico-sdk/sdk/2.1.1/lib/cyw43-driver/src/cyw43_ll.c.o
 .rodata.cyw43_ll_sdpcm_poll_device.str1.4
                0x100084c0       0x55 CMakeFiles/blink.dir/Users/danroberts/.pico-sdk/sdk/2.1.1/lib/cyw43-driver/src/cyw43_ll.c.o
 .rodata.cyw43_sdpcm_send_common.str1.4
                0x100084c0       0x22 CMakeFiles/blink.dir/Users/danroberts/.pico-sdk/sdk/2.1.1/lib/cyw43-driver/src/cyw43_ll.c.o
 .rodata.cyw43_do_ioctl.part.0.str1.4
                0x100084c0       0x53 CMakeFiles/blink.dir/Users/danroberts/.pico-sdk/sdk/2.1.1/lib/cyw43-driver/src/cyw43_ll.c.o
 .rodata.reset_device_core.constprop.0.str1.4
                0x100084c0       0x1a CMakeFiles/blink.dir/Users/danroberts/.pico-sdk/sdk/2.1.1/lib/cyw43-driver/src/cyw43_ll.c.o
 .rodata.cyw43_ll_wifi_on.str1.4
                0x100084c0       0x52 CMakeFiles/blink.dir/Users/danroberts/.pico-sdk/sdk/2.1.1/lib/cyw43-driver/src/cyw43_ll.c.o
 .rodata.cyw43_ll_bus_init.str1.4
                0x100084c0       0xea CMakeFiles/blink.dir/Users/danroberts/.pico-sdk/sdk/2.1.1/lib/cyw43-driver/src/cyw43_ll.c.o
 .rodata.cyw43_ll_gpio_set.str1.4
                0x100084c0        0x8 CMakeFiles/blink.dir/Users/danroberts/.pico-sdk/sdk/2.1.1/lib/cyw43-driver/src/cyw43_ll.c.o
 .rodata.w43439A0_7_95_49_00_combined
                0x100084c0    0x36fd8 CMakeFiles/blink.dir/Users/danroberts/.pico-sdk/sdk/2.1.1/lib/cyw43-driver/src/cyw43_ll.c.o
 .rodata.wifi_nvram_4343
                0x1003f498      0x2e7 CMakeFiles/blink.dir/Users/danroberts/.pico-sdk/sdk/2.1.1/lib/cyw43-driver/src/cyw43_ll.c.o
 *fill*         0x1003f77f        0x1 
 .rodata        0x1003f780       0x72 CMakeFiles/blink.dir/Users/danroberts/.pico-sdk/sdk/2.1.1/lib/cyw43-driver/src/cyw43_ll.c.o
 .rodata.cyw43_cb_process_async_event.str1.4
                0x1003f7f2       0x28 CMakeFiles/blink.dir/Users/danroberts/.pico-sdk/sdk/2.1.1/lib/cyw43-driver/src/cyw43_ctrl.c.o
 *fill*         0x1003f7f2        0x2 
 .rodata.cyw43_cb_process_async_event
                0x1003f7f4       0xc8 CMakeFiles/blink.dir/Users/danroberts/.pico-sdk/sdk/2.1.1/lib/cyw43-driver/src/cyw43_ctrl.c.o
 .rodata.str1.4
                0x1003f8bc       0x9e CMakeFiles/blink.dir/Users/danroberts/.pico-sdk/sdk/2.1.1/lib/cyw43-driver/src/cyw43_ctrl.c.o
 .rodata.cyw43_async_event_name_table
                0x1003f8bc      0x164 CMakeFiles/blink.dir/Users/danroberts/.pico-sdk/sdk/2.1.1/lib/cyw43-driver/src/cyw43_ctrl.c.o
 .rodata.pio_claim_unused_sm.str1.4
                0x1003fa20       0x24 CMakeFiles/blink.dir/Users/danroberts/.pico-sdk/sdk/2.1.1/src/rp2_common/hardware_pio/pio.c.o
 .rodata.dma_claim_unused_channel.str1.4
                0x1003fa20       0x1e CMakeFiles/blink.dir/Users/danroberts/.pico-sdk/sdk/2.1.1/src/rp2_common/hardware_dma/dma.c.o
 .rodata.cyw43_cb_tcpip_set_link_up.str1.4
                0x1003fa20       0x20 CMakeFiles/blink.dir/Users/danroberts/.pico-sdk/sdk/2.1.1/src/rp2_common/pico_cyw43_driver/cyw43_driver.c.o
 .rodata.async_context_threadsafe_background_lock_check.str1.4
                0x1003fa20       0x20 CMakeFiles/blink.dir/Users/danroberts/.pico-sdk/sdk/2.1.1/src/rp2_common/pico_async_context/async_context_threadsafe_background.c.o
 .rodata.template
                0x1003fa20       0x38 CMakeFiles/blink.dir/Users/danroberts/.pico-sdk/sdk/2.1.1/src/rp2_common/pico_async_context/async_context_threadsafe_background.c.o
                0x1003fa58                        . = ALIGN (0x4)
 *(SORT_BY_ALIGNMENT(SORT_BY_NAME(.flashdata*)))
                0x1003fa58                        . = ALIGN (0x4)

.ARM.extab
 *(.ARM.extab* .gnu.linkonce.armextab.*)
                0x1003fa58                        __exidx_start = .

.ARM.exidx
 *(.ARM.exidx* .gnu.linkonce.armexidx.*)
                0x1003fa58                        __exidx_end = .
                0x1003fa58                        . = ALIGN (0x4)
                0x1003fa58                        __binary_info_start = .

.binary_info    0x1003fa58       0x1c
 *(.binary_info.keep.*)
 .binary_info.keep.__bi_ptr84
                0x1003fa58        0x4 CMakeFiles/blink.dir/Users/danroberts/.pico-sdk/sdk/2.1.1/src/rp2_common/pico_standard_binary_info/standard_binary_info.c.o
 .binary_info.keep.__bi_ptr78
                0x1003fa5c        0x4 CMakeFiles/blink.dir/Users/danroberts/.pico-sdk/sdk/2.1.1/src/rp2_common/pico_standard_binary_info/standard_binary_info.c.o
 .binary_info.keep.__bi_ptr54
                0x1003fa60        0x4 CMakeFiles/blink.dir/Users/danroberts/.pico-sdk/sdk/2.1.1/src/rp2_common/pico_standard_binary_info/standard_binary_info.c.o
 .binary_info.keep.__bi_ptr48
                0x1003fa64        0x4 CMakeFiles/blink.dir/Users/danroberts/.pico-sdk/sdk/2.1.1/src/rp2_common/pico_standard_binary_info/standard_binary_info.c.o
 .binary_info.keep.__bi_ptr42
                0x1003fa68        0x4 CMakeFiles/blink.dir/Users/danroberts/.pico-sdk/sdk/2.1.1/src/rp2_common/pico_standard_binary_info/standard_binary_info.c.o
 .binary_info.keep.__bi_ptr34
                0x1003fa6c        0x4 CMakeFiles/blink.dir/Users/danroberts/.pico-sdk/sdk/2.1.1/src/rp2_common/pico_standard_binary_info/standard_binary_info.c.o
 .binary_info.keep.__bi_ptr26
                0x1003fa70        0x4 CMakeFiles/blink.dir/Users/danroberts/.pico-sdk/sdk/2.1.1/src/rp2_common/pico_standard_binary_info/standard_binary_info.c.o
 *(.binary_info.*)
                0x1003fa74                        __binary_info_end = .

.rel.dyn        0x1003fa74        0x0
 .rel.iplt      0x1003fa74        0x0 /Users/danroberts/.pico-sdk/toolchain/14_2_Rel1/bin/../lib/gcc/arm-none-eabi/14.2.1/thumb/v6-m/nofp/crtbegin.o
                0x1003fa74                        . = ALIGN (0x4)

.ram_vector_table
                0x20000000       0xc0
 *(.ram_vector_table)
 .ram_vector_table
                0x20000000       0xc0 CMakeFiles/blink.dir/Users/danroberts/.pico-sdk/sdk/2.1.1/src/rp2_common/pico_runtime_init/runtime_init.c.o
                0x20000000                ram_vector_table

.uninitialized_data
                0x200000c0        0x0
                0x200000c0                        . = ALIGN (0x4)
 *(.uninitialized_data*)

.data           0x200000c0      0x4d0 load address 0x1003fa74
                0x200000c0                        __data_start__ = .
 *(vtable)
 *(.time_critical*)
 .time_critical.sem_acquire_block_until
                0x200000c0       0x68 CMakeFiles/blink.dir/Users/danroberts/.pico-sdk/sdk/2.1.1/src/common/pico_sync/sem.c.o
                0x200000c0                sem_acquire_block_until
 .time_critical.sem_release
                0x20000128       0x48 CMakeFiles/blink.dir/Users/danroberts/.pico-sdk/sdk/2.1.1/src/common/pico_sync/sem.c.o
                0x20000128                sem_release
 .time_critical.recursive_mutex_enter_blocking
                0x20000170       0x50 CMakeFiles/blink.dir/Users/danroberts/.pico-sdk/sdk/2.1.1/src/common/pico_sync/mutex.c.o
                0x20000170                recursive_mutex_enter_blocking
 .time_critical.mutex_try_enter_block_until
                0x200001c0       0x98 CMakeFiles/blink.dir/Users/danroberts/.pico-sdk/sdk/2.1.1/src/common/pico_sync/mutex.c.o
                0x200001c0                mutex_try_enter_block_until
 .time_critical.recursive_mutex_try_enter
                0x20000258       0x50 CMakeFiles/blink.dir/Users/danroberts/.pico-sdk/sdk/2.1.1/src/common/pico_sync/mutex.c.o
                0x20000258                recursive_mutex_try_enter
 .time_critical.mutex_exit
                0x200002a8       0x28 CMakeFiles/blink.dir/Users/danroberts/.pico-sdk/sdk/2.1.1/src/common/pico_sync/mutex.c.o
                0x200002a8                mutex_exit
 .time_critical.recursive_mutex_exit
                0x200002d0       0x44 CMakeFiles/blink.dir/Users/danroberts/.pico-sdk/sdk/2.1.1/src/common/pico_sync/mutex.c.o
                0x200002d0                recursive_mutex_exit
 .time_critical.flash_init_boot2_copyout
                0x20000314       0x30 CMakeFiles/blink.dir/Users/danroberts/.pico-sdk/sdk/2.1.1/src/rp2_common/hardware_flash/flash.c.o
 .time_critical.flash_enable_xip_via_boot2
                0x20000344        0xc CMakeFiles/blink.dir/Users/danroberts/.pico-sdk/sdk/2.1.1/src/rp2_common/hardware_flash/flash.c.o
 .time_critical.flash_cs_force
                0x20000350       0x38 CMakeFiles/blink.dir/Users/danroberts/.pico-sdk/sdk/2.1.1/src/rp2_common/hardware_flash/flash.c.o
 .time_critical.flash_do_cmd
                0x20000388      0x130 CMakeFiles/blink.dir/Users/danroberts/.pico-sdk/sdk/2.1.1/src/rp2_common/hardware_flash/flash.c.o
                0x20000388                flash_do_cmd
 *(.text*)
 .text          0x200004b8        0x4 /Users/danroberts/.pico-sdk/toolchain/14_2_Rel1/bin/../lib/gcc/arm-none-eabi/14.2.1/thumb/v6-m/nofp/libgcc.a(_dvmd_tls.o)
                0x200004b8                __aeabi_ldiv0
                0x200004b8                __aeabi_idiv0
 *fill*         0x200004bc        0x4 
 .text.__stub   0x200004c0       0x10 linker stubs
                0x200004d0                        . = ALIGN (0x4)
 *(.rodata*)
                0x200004d0                        . = ALIGN (0x4)
 *(.data*)
 .data.striped_spin_lock_num
                0x200004d0        0x1 CMakeFiles/blink.dir/Users/danroberts/.pico-sdk/sdk/2.1.1/src/rp2_common/hardware_sync/sync.c.o
 *fill*         0x200004d1        0x3 
 .data          0x200004d4       0x48 CMakeFiles/blink.dir/Users/danroberts/.pico-sdk/sdk/2.1.1/src/rp2_common/hardware_irq/irq_handler_chain.S.o
                0x200004d4                irq_handler_chain_slots
                0x20000504                irq_handler_chain_first_slot
                0x2000050e                irq_handler_chain_remove_tail
 .data.default_alarm_pool
                0x2000051c       0x18 CMakeFiles/blink.dir/Users/danroberts/.pico-sdk/sdk/2.1.1/src/common/pico_time/time.c.o
 *fill*         0x20000534        0xc 
 .data.aeabi_bits_funcs
                0x20000540       0x10 CMakeFiles/blink.dir/Users/danroberts/.pico-sdk/sdk/2.1.1/src/rp2_common/pico_bit_ops/bit_ops_aeabi.S.o
                0x20000540                aeabi_bits_funcs
                0x20000550                aeabi_bits_funcs_end
 .data.aeabi_mem_funcs
                0x20000550       0x10 CMakeFiles/blink.dir/Users/danroberts/.pico-sdk/sdk/2.1.1/src/rp2_common/pico_mem_ops/mem_ops_aeabi.S.o
                0x20000550                aeabi_mem_funcs
                0x20000560                aeabi_mem_funcs_end
 .data.cyw43_poll_worker
                0x20000560       0x10 CMakeFiles/blink.dir/Users/danroberts/.pico-sdk/sdk/2.1.1/src/rp2_common/pico_cyw43_driver/cyw43_driver.c.o
 .data.sleep_timeout_worker
                0x20000570       0x18 CMakeFiles/blink.dir/Users/danroberts/.pico-sdk/sdk/2.1.1/src/rp2_common/pico_cyw43_driver/cyw43_driver.c.o
                0x20000588                        . = ALIGN (0x4)
 *(.after_data.*)
                0x20000588                        . = ALIGN (0x4)
                0x20000588                        PROVIDE (__mutex_array_start = .)
 *(SORT_BY_NAME(.mutex_array.*))
 *(.mutex_array)
 .mutex_array   0x20000588        0x8 CMakeFiles/blink.dir/Users/danroberts/.pico-sdk/sdk/2.1.1/src/rp2_common/pico_stdio/stdio.c.o
                0x20000590                        PROVIDE (__mutex_array_end = .)
                0x20000590                        . = ALIGN (0x4)
 *(.jcr)
                0x20000590                        . = ALIGN (0x4)

.tm_clone_table
                0x20000590        0x0 load address 0x1003ff44
 .tm_clone_table
                0x20000590        0x0 /Users/danroberts/.pico-sdk/toolchain/14_2_Rel1/bin/../lib/gcc/arm-none-eabi/14.2.1/thumb/v6-m/nofp/crtbegin.o
 .tm_clone_table
                0x20000590        0x0 /Users/danroberts/.pico-sdk/toolchain/14_2_Rel1/bin/../lib/gcc/arm-none-eabi/14.2.1/thumb/v6-m/nofp/crtend.o

.igot.plt       0x20000590        0x0 load address 0x1003ff44
 .igot.plt      0x20000590        0x0 /Users/danroberts/.pico-sdk/toolchain/14_2_Rel1/bin/../lib/gcc/arm-none-eabi/14.2.1/thumb/v6-m/nofp/crtbegin.o

.tdata          0x20000590        0x0 load address 0x1003ff44
                0x20000590                        . = ALIGN (0x4)
 *(.tdata .tdata.* .gnu.linkonce.td.*)
                0x20000590                        __tdata_end = .
                0x20000590                        PROVIDE (__data_end__ = .)
                0x1003fa74                        __etext = LOADADDR (.data)

.tbss           0x20000590        0x0 load address 0x1003ff44
                0x20000590                        . = ALIGN (0x4)
                0x20000590                        __bss_start__ = .
                0x20000590                        __tls_base = .
 *(.tbss .tbss.* .gnu.linkonce.tb.*)
 *(.tcommon)
                0x20000590                        __tls_end = .

.bss            0x20000590      0xe78 load address 0x1003ff44
                0x20000590                        . = ALIGN (0x4)
                0x20000590                        __tbss_end = .
 *(SORT_BY_ALIGNMENT(SORT_BY_NAME(.bss*)))
 .bss.cyw43_async_context_threadsafe_background
                0x20000590       0x48 CMakeFiles/blink.dir/Users/danroberts/.pico-sdk/sdk/2.1.1/src/rp2_common/pico_cyw43_arch/cyw43_arch_threadsafe_background.c.o
 .bss.default_alarm_pool_entries
                0x200005d8      0x180 CMakeFiles/blink.dir/Users/danroberts/.pico-sdk/sdk/2.1.1/src/common/pico_time/time.c.o
 .bss.sd_table  0x20000758      0x100 CMakeFiles/blink.dir/Users/danroberts/.pico-sdk/sdk/2.1.1/src/rp2_common/pico_double/double_init_rom_rp2040.c.o
                0x20000758                sd_table
 .bss._used_instruction_space
                0x20000858        0x8 CMakeFiles/blink.dir/Users/danroberts/.pico-sdk/sdk/2.1.1/src/rp2_common/hardware_pio/pio.c.o
 .bss.async_context
                0x20000860        0x4 CMakeFiles/blink.dir/Users/danroberts/.pico-sdk/sdk/2.1.1/src/rp2_common/pico_cyw43_arch/cyw43_arch.c.o
 .bss.async_contexts_by_user_irq
                0x20000864       0x18 CMakeFiles/blink.dir/Users/danroberts/.pico-sdk/sdk/2.1.1/src/rp2_common/pico_async_context/async_context_threadsafe_background.c.o
 .bss.boot2_copyout
                0x2000087c      0x100 CMakeFiles/blink.dir/Users/danroberts/.pico-sdk/sdk/2.1.1/src/rp2_common/hardware_flash/flash.c.o
 .bss.bus_data_instance
                0x2000097c       0x10 CMakeFiles/blink.dir/Users/danroberts/.pico-sdk/sdk/2.1.1/src/rp2_common/pico_cyw43_driver/cyw43_bus_pio_spi.c.o
 .bss.claimed   0x2000098c        0x1 CMakeFiles/blink.dir/Users/danroberts/.pico-sdk/sdk/2.1.1/src/rp2_common/hardware_timer/timer.c.o
 *fill*         0x2000098d        0x3 
 .bss.claimed   0x20000990        0x1 CMakeFiles/blink.dir/Users/danroberts/.pico-sdk/sdk/2.1.1/src/rp2_common/hardware_pio/pio.c.o
 *fill*         0x20000991        0x3 
 .bss.configured_freq
                0x20000994       0x28 CMakeFiles/blink.dir/Users/danroberts/.pico-sdk/sdk/2.1.1/src/rp2_common/hardware_clocks/clocks.c.o
 .bss.cyw43_async_context
                0x200009bc        0x4 CMakeFiles/blink.dir/Users/danroberts/.pico-sdk/sdk/2.1.1/src/rp2_common/pico_cyw43_driver/cyw43_driver.c.o
 .bss.cyw43_poll
                0x200009c0        0x4 CMakeFiles/blink.dir/Users/danroberts/.pico-sdk/sdk/2.1.1/lib/cyw43-driver/src/cyw43_ctrl.c.o
                0x200009c0                cyw43_poll
 .bss.cyw43_sleep
                0x200009c4        0x4 CMakeFiles/blink.dir/Users/danroberts/.pico-sdk/sdk/2.1.1/lib/cyw43-driver/src/cyw43_ctrl.c.o
                0x200009c4                cyw43_sleep
 .bss.cyw43_state
                0x200009c8      0x8ec CMakeFiles/blink.dir/Users/danroberts/.pico-sdk/sdk/2.1.1/lib/cyw43-driver/src/cyw43_ctrl.c.o
                0x200009c8                cyw43_state
 .bss.drivers   0x200012b4        0x4 CMakeFiles/blink.dir/Users/danroberts/.pico-sdk/sdk/2.1.1/src/rp2_common/pico_stdio/stdio.c.o
 .bss.filter    0x200012b8        0x4 CMakeFiles/blink.dir/Users/danroberts/.pico-sdk/sdk/2.1.1/src/rp2_common/pico_stdio/stdio.c.o
 .bss.lazy_vsnprintf
                0x200012bc        0x4 CMakeFiles/blink.dir/Users/danroberts/.pico-sdk/sdk/2.1.1/src/rp2_common/pico_printf/printf.c.o
 .bss.object.0  0x200012c0       0x18 /Users/danroberts/.pico-sdk/toolchain/14_2_Rel1/bin/../lib/gcc/arm-none-eabi/14.2.1/thumb/v6-m/nofp/crtbegin.o
 .bss.pools     0x200012d8       0x10 CMakeFiles/blink.dir/Users/danroberts/.pico-sdk/sdk/2.1.1/src/common/pico_time/time.c.o
 .bss.raw_irq_mask
                0x200012e8        0x8 CMakeFiles/blink.dir/Users/danroberts/.pico-sdk/sdk/2.1.1/src/rp2_common/hardware_gpio/gpio.c.o
 .bss.retrieved_id
                0x200012f0        0x8 CMakeFiles/blink.dir/Users/danroberts/.pico-sdk/sdk/2.1.1/src/rp2_common/pico_unique_id/unique_id.c.o
 .bss.sf_clz_func
                0x200012f8        0x4 CMakeFiles/blink.dir/Users/danroberts/.pico-sdk/sdk/2.1.1/src/rp2_common/pico_double/double_init_rom_rp2040.c.o
                0x200012f8                sf_clz_func
 .bss.sf_table  0x200012fc      0x100 CMakeFiles/blink.dir/Users/danroberts/.pico-sdk/sdk/2.1.1/src/rp2_common/pico_float/float_init_rom_rp2040.c.o
                0x200012fc                sf_table
 .bss.sleep_notifier
                0x200013fc        0x4 CMakeFiles/blink.dir/Users/danroberts/.pico-sdk/sdk/2.1.1/src/common/pico_time/time.c.o
 .bss._claimed  0x20001400        0x2 CMakeFiles/blink.dir/Users/danroberts/.pico-sdk/sdk/2.1.1/src/rp2_common/hardware_dma/dma.c.o
 .bss.last_spi_int.0
                0x20001402        0x2 CMakeFiles/blink.dir/Users/danroberts/.pico-sdk/sdk/2.1.1/lib/cyw43-driver/src/cyw43_ll.c.o
 .bss.boot2_copyout_valid
                0x20001404        0x1 CMakeFiles/blink.dir/Users/danroberts/.pico-sdk/sdk/2.1.1/src/rp2_common/hardware_flash/flash.c.o
 .bss.irq_handler_chain_free_slot_head
                0x20001405        0x1 CMakeFiles/blink.dir/Users/danroberts/.pico-sdk/sdk/2.1.1/src/rp2_common/hardware_irq/irq.c.o
 .bss.user_irq_claimed
                0x20001406        0x1 CMakeFiles/blink.dir/Users/danroberts/.pico-sdk/sdk/2.1.1/src/rp2_common/hardware_irq/irq.c.o
 *(COMMON)
                0x20001408                        . = ALIGN (0x4)
 *fill*         0x20001407        0x1 
                0x20001408                        __bss_end__ = .

.heap           0x20001408      0x800 load address 0x1003ff44
                0x20001408                        __end__ = .
                0x20001408                        end = __end__
 *(.heap*)
 .heap          0x20001408      0x800 CMakeFiles/blink.dir/Users/danroberts/.pico-sdk/sdk/2.1.1/src/rp2_common/pico_crt0/crt0.S.o
                0x20040000                        __HeapLimit = (ORIGIN (RAM) + LENGTH (RAM))

.scratch_x      0x20040000        0x0 load address 0x1003ff44
                0x20040000                        __scratch_x_start__ = .
 *(.scratch_x.*)
                0x20040000                        . = ALIGN (0x4)
                0x20040000                        __scratch_x_end__ = .
                0x1003ff44                        __scratch_x_source__ = LOADADDR (.scratch_x)

.scratch_y      0x20041000        0x0 load address 0x1003ff44
                0x20041000                        __scratch_y_start__ = .
 *(.scratch_y.*)
                0x20041000                        . = ALIGN (0x4)
                0x20041000                        __scratch_y_end__ = .
                0x1003ff44                        __scratch_y_source__ = LOADADDR (.scratch_y)

.stack1_dummy
 *(.stack1*)

.stack_dummy    0x20041000      0x800
 *(.stack*)
 .stack         0x20041000      0x800 CMakeFiles/blink.dir/Users/danroberts/.pico-sdk/sdk/2.1.1/src/rp2_common/pico_crt0/crt0.S.o

.flash_end      0x1003ff44        0x0
 *(.embedded_end_block*)
                0x1003ff44                        PROVIDE (__flash_binary_end = .)
                0x20040000                        __StackLimit = (ORIGIN (RAM) + LENGTH (RAM))
                0x20041000                        __StackOneTop = (ORIGIN (SCRATCH_X) + LENGTH (SCRATCH_X))
                0x20042000                        __StackTop = (ORIGIN (SCRATCH_Y) + LENGTH (SCRATCH_Y))
                0x20041000                        __StackOneBottom = (__StackOneTop - SIZEOF (.stack1_dummy))
                0x20041800                        __StackBottom = (__StackTop - SIZEOF (.stack_dummy))
                0x20042000                        PROVIDE (__stack = __StackTop)
                [!provide]                        PROVIDE (__heap_start = __end__)
                [!provide]                        PROVIDE (__heap_end = __HeapLimit)
                [!provide]                        PROVIDE (__tls_align = MAX (ALIGNOF (.tdata), ALIGNOF (.tbss)))
                [!provide]                        PROVIDE (__tls_size_align = (((__tls_size + __tls_align) - 0x1) & ~ ((__tls_align - 0x1))))
                [!provide]                        PROVIDE (__arm32_tls_tcb_offset = MAX (0x8, __tls_align))
                [!provide]                        PROVIDE (_end = __end__)
                [!provide]                        PROVIDE (__llvm_libc_heap_limit = __HeapLimit)
                0x00000001                        ASSERT ((__StackLimit >= __HeapLimit), region RAM overflowed)
                0x00000001                        ASSERT (((__binary_info_header_end - __logical_binary_start) <= 0x100), Binary info must be in first 256 bytes of the binary)
LOAD CMakeFiles/blink.dir/blink.c.o
LOAD CMakeFiles/blink.dir/Users/danroberts/.pico-sdk/sdk/2.1.1/src/rp2_common/pico_stdlib/stdlib.c.o
LOAD CMakeFiles/blink.dir/Users/danroberts/.pico-sdk/sdk/2.1.1/src/rp2_common/hardware_gpio/gpio.c.o
LOAD CMakeFiles/blink.dir/Users/danroberts/.pico-sdk/sdk/2.1.1/src/rp2040/pico_platform/platform.c.o
LOAD CMakeFiles/blink.dir/Users/danroberts/.pico-sdk/sdk/2.1.1/src/rp2_common/pico_platform_panic/panic.c.o
LOAD CMakeFiles/blink.dir/Users/danroberts/.pico-sdk/sdk/2.1.1/src/common/hardware_claim/claim.c.o
LOAD CMakeFiles/blink.dir/Users/danroberts/.pico-sdk/sdk/2.1.1/src/rp2_common/hardware_sync/sync.c.o
LOAD CMakeFiles/blink.dir/Users/danroberts/.pico-sdk/sdk/2.1.1/src/rp2_common/hardware_sync_spin_lock/sync_spin_lock.c.o
LOAD CMakeFiles/blink.dir/Users/danroberts/.pico-sdk/sdk/2.1.1/src/rp2_common/hardware_irq/irq.c.o
LOAD CMakeFiles/blink.dir/Users/danroberts/.pico-sdk/sdk/2.1.1/src/rp2_common/hardware_irq/irq_handler_chain.S.o
LOAD CMakeFiles/blink.dir/Users/danroberts/.pico-sdk/sdk/2.1.1/src/common/pico_sync/sem.c.o
LOAD CMakeFiles/blink.dir/Users/danroberts/.pico-sdk/sdk/2.1.1/src/common/pico_sync/lock_core.c.o
LOAD CMakeFiles/blink.dir/Users/danroberts/.pico-sdk/sdk/2.1.1/src/common/pico_sync/mutex.c.o
LOAD CMakeFiles/blink.dir/Users/danroberts/.pico-sdk/sdk/2.1.1/src/common/pico_sync/critical_section.c.o
LOAD CMakeFiles/blink.dir/Users/danroberts/.pico-sdk/sdk/2.1.1/src/common/pico_time/time.c.o
LOAD CMakeFiles/blink.dir/Users/danroberts/.pico-sdk/sdk/2.1.1/src/common/pico_time/timeout_helper.c.o
LOAD CMakeFiles/blink.dir/Users/danroberts/.pico-sdk/sdk/2.1.1/src/rp2_common/hardware_timer/timer.c.o
LOAD CMakeFiles/blink.dir/Users/danroberts/.pico-sdk/sdk/2.1.1/src/common/pico_util/datetime.c.o
LOAD CMakeFiles/blink.dir/Users/danroberts/.pico-sdk/sdk/2.1.1/src/common/pico_util/pheap.c.o
LOAD CMakeFiles/blink.dir/Users/danroberts/.pico-sdk/sdk/2.1.1/src/common/pico_util/queue.c.o
LOAD CMakeFiles/blink.dir/Users/danroberts/.pico-sdk/sdk/2.1.1/src/rp2_common/hardware_uart/uart.c.o
LOAD CMakeFiles/blink.dir/Users/danroberts/.pico-sdk/sdk/2.1.1/src/rp2_common/hardware_clocks/clocks.c.o
LOAD CMakeFiles/blink.dir/Users/danroberts/.pico-sdk/sdk/2.1.1/src/rp2_common/hardware_pll/pll.c.o
LOAD CMakeFiles/blink.dir/Users/danroberts/.pico-sdk/sdk/2.1.1/src/rp2_common/hardware_vreg/vreg.c.o
LOAD CMakeFiles/blink.dir/Users/danroberts/.pico-sdk/sdk/2.1.1/src/rp2_common/hardware_watchdog/watchdog.c.o
LOAD CMakeFiles/blink.dir/Users/danroberts/.pico-sdk/sdk/2.1.1/src/rp2_common/hardware_ticks/ticks.c.o
LOAD CMakeFiles/blink.dir/Users/danroberts/.pico-sdk/sdk/2.1.1/src/rp2_common/pico_bootrom/bootrom.c.o
LOAD CMakeFiles/blink.dir/Users/danroberts/.pico-sdk/sdk/2.1.1/src/rp2_common/pico_bootrom/bootrom_lock.c.o
LOAD CMakeFiles/blink.dir/Users/danroberts/.pico-sdk/sdk/2.1.1/src/rp2_common/hardware_boot_lock/boot_lock.c.o
LOAD CMakeFiles/blink.dir/Users/danroberts/.pico-sdk/sdk/2.1.1/src/rp2_common/pico_flash/flash.c.o
LOAD CMakeFiles/blink.dir/Users/danroberts/.pico-sdk/sdk/2.1.1/src/rp2_common/hardware_xosc/xosc.c.o
LOAD CMakeFiles/blink.dir/Users/danroberts/.pico-sdk/sdk/2.1.1/src/rp2_common/hardware_divider/divider.S.o
LOAD CMakeFiles/blink.dir/Users/danroberts/.pico-sdk/sdk/2.1.1/src/rp2_common/pico_runtime/runtime.c.o
LOAD CMakeFiles/blink.dir/Users/danroberts/.pico-sdk/sdk/2.1.1/src/rp2_common/pico_runtime_init/runtime_init.c.o
LOAD CMakeFiles/blink.dir/Users/danroberts/.pico-sdk/sdk/2.1.1/src/rp2_common/pico_runtime_init/runtime_init_clocks.c.o
LOAD CMakeFiles/blink.dir/Users/danroberts/.pico-sdk/sdk/2.1.1/src/rp2_common/pico_runtime_init/runtime_init_stack_guard.c.o
LOAD CMakeFiles/blink.dir/Users/danroberts/.pico-sdk/sdk/2.1.1/src/rp2_common/pico_bit_ops/bit_ops_aeabi.S.o
LOAD CMakeFiles/blink.dir/Users/danroberts/.pico-sdk/sdk/2.1.1/src/rp2_common/pico_divider/divider_hardware.S.o
LOAD CMakeFiles/blink.dir/Users/danroberts/.pico-sdk/sdk/2.1.1/src/rp2_common/pico_double/double_aeabi_rp2040.S.o
LOAD CMakeFiles/blink.dir/Users/danroberts/.pico-sdk/sdk/2.1.1/src/rp2_common/pico_double/double_init_rom_rp2040.c.o
LOAD CMakeFiles/blink.dir/Users/danroberts/.pico-sdk/sdk/2.1.1/src/rp2_common/pico_double/double_math.c.o
LOAD CMakeFiles/blink.dir/Users/danroberts/.pico-sdk/sdk/2.1.1/src/rp2_common/pico_double/double_v1_rom_shim_rp2040.S.o
LOAD CMakeFiles/blink.dir/Users/danroberts/.pico-sdk/sdk/2.1.1/src/rp2_common/pico_int64_ops/pico_int64_ops_aeabi.S.o
LOAD CMakeFiles/blink.dir/Users/danroberts/.pico-sdk/sdk/2.1.1/src/rp2_common/pico_float/float_aeabi_rp2040.S.o
LOAD CMakeFiles/blink.dir/Users/danroberts/.pico-sdk/sdk/2.1.1/src/rp2_common/pico_float/float_init_rom_rp2040.c.o
LOAD CMakeFiles/blink.dir/Users/danroberts/.pico-sdk/sdk/2.1.1/src/rp2_common/pico_float/float_math.c.o
LOAD CMakeFiles/blink.dir/Users/danroberts/.pico-sdk/sdk/2.1.1/src/rp2_common/pico_float/float_v1_rom_shim_rp2040.S.o
LOAD CMakeFiles/blink.dir/Users/danroberts/.pico-sdk/sdk/2.1.1/src/rp2_common/pico_malloc/malloc.c.o
LOAD CMakeFiles/blink.dir/Users/danroberts/.pico-sdk/sdk/2.1.1/src/rp2_common/pico_mem_ops/mem_ops_aeabi.S.o
LOAD CMakeFiles/blink.dir/Users/danroberts/.pico-sdk/sdk/2.1.1/src/rp2_common/pico_atomic/atomic.c.o
LOAD CMakeFiles/blink.dir/Users/danroberts/.pico-sdk/sdk/2.1.1/src/rp2_common/pico_cxx_options/new_delete.cpp.o
LOAD CMakeFiles/blink.dir/Users/danroberts/.pico-sdk/sdk/2.1.1/src/rp2_common/pico_standard_binary_info/standard_binary_info.c.o
LOAD CMakeFiles/blink.dir/Users/danroberts/.pico-sdk/sdk/2.1.1/src/rp2_common/pico_printf/printf.c.o
LOAD CMakeFiles/blink.dir/Users/danroberts/.pico-sdk/sdk/2.1.1/src/rp2_common/pico_crt0/crt0.S.o
LOAD CMakeFiles/blink.dir/Users/danroberts/.pico-sdk/sdk/2.1.1/src/rp2_common/pico_clib_interface/newlib_interface.c.o
LOAD CMakeFiles/blink.dir/Users/danroberts/.pico-sdk/sdk/2.1.1/src/rp2_common/pico_stdio/stdio.c.o
LOAD CMakeFiles/blink.dir/Users/danroberts/.pico-sdk/sdk/2.1.1/src/rp2_common/pico_stdio_uart/stdio_uart.c.o
LOAD CMakeFiles/blink.dir/Users/danroberts/.pico-sdk/sdk/2.1.1/src/rp2_common/pico_cyw43_arch/cyw43_arch.c.o
LOAD CMakeFiles/blink.dir/Users/danroberts/.pico-sdk/sdk/2.1.1/src/rp2_common/pico_cyw43_arch/cyw43_arch_poll.c.o
LOAD CMakeFiles/blink.dir/Users/danroberts/.pico-sdk/sdk/2.1.1/src/rp2_common/pico_cyw43_arch/cyw43_arch_threadsafe_background.c.o
LOAD CMakeFiles/blink.dir/Users/danroberts/.pico-sdk/sdk/2.1.1/src/rp2_common/pico_cyw43_arch/cyw43_arch_freertos.c.o
LOAD CMakeFiles/blink.dir/Users/danroberts/.pico-sdk/sdk/2.1.1/src/rp2_common/pico_unique_id/unique_id.c.o
LOAD CMakeFiles/blink.dir/Users/danroberts/.pico-sdk/sdk/2.1.1/src/rp2_common/hardware_flash/flash.c.o
LOAD CMakeFiles/blink.dir/Users/danroberts/.pico-sdk/sdk/2.1.1/src/rp2_common/hardware_xip_cache/xip_cache.c.o
LOAD CMakeFiles/blink.dir/Users/danroberts/.pico-sdk/sdk/2.1.1/src/rp2_common/pico_cyw43_driver/cyw43_bus_pio_spi.c.o
LOAD CMakeFiles/blink.dir/Users/danroberts/.pico-sdk/sdk/2.1.1/lib/cyw43-driver/src/cyw43_ll.c.o
LOAD CMakeFiles/blink.dir/Users/danroberts/.pico-sdk/sdk/2.1.1/lib/cyw43-driver/src/cyw43_stats.c.o
LOAD CMakeFiles/blink.dir/Users/danroberts/.pico-sdk/sdk/2.1.1/lib/cyw43-driver/src/cyw43_lwip.c.o
LOAD CMakeFiles/blink.dir/Users/danroberts/.pico-sdk/sdk/2.1.1/lib/cyw43-driver/src/cyw43_ctrl.c.o
LOAD CMakeFiles/blink.dir/Users/danroberts/.pico-sdk/sdk/2.1.1/src/rp2_common/pico_cyw43_driver/cybt_shared_bus/cybt_shared_bus.c.o
LOAD CMakeFiles/blink.dir/Users/danroberts/.pico-sdk/sdk/2.1.1/src/rp2_common/pico_cyw43_driver/cybt_shared_bus/cybt_shared_bus_driver.c.o
LOAD CMakeFiles/blink.dir/Users/danroberts/.pico-sdk/sdk/2.1.1/src/rp2_common/hardware_pio/pio.c.o
LOAD CMakeFiles/blink.dir/Users/danroberts/.pico-sdk/sdk/2.1.1/src/rp2_common/hardware_dma/dma.c.o
LOAD CMakeFiles/blink.dir/Users/danroberts/.pico-sdk/sdk/2.1.1/src/rp2_common/hardware_exception/exception.c.o
LOAD CMakeFiles/blink.dir/Users/danroberts/.pico-sdk/sdk/2.1.1/src/rp2_common/pico_cyw43_driver/cyw43_driver.c.o
LOAD CMakeFiles/blink.dir/Users/danroberts/.pico-sdk/sdk/2.1.1/src/rp2_common/pico_async_context/async_context_threadsafe_background.c.o
LOAD CMakeFiles/blink.dir/Users/danroberts/.pico-sdk/sdk/2.1.1/src/rp2_common/pico_async_context/async_context_base.c.o
LOAD pico-sdk/src/rp2040/boot_stage2/CMakeFiles/bs2_default_library.dir/./bs2_default_padded_checksummed.S.o
LOAD /Users/danroberts/.pico-sdk/toolchain/14_2_Rel1/bin/../lib/gcc/arm-none-eabi/14.2.1/../../../../arm-none-eabi/lib/thumb/v6-m/nofp/libstdc++.a
LOAD /Users/danroberts/.pico-sdk/toolchain/14_2_Rel1/bin/../lib/gcc/arm-none-eabi/14.2.1/../../../../arm-none-eabi/lib/thumb/v6-m/nofp/libm.a
START GROUP
LOAD /Users/danroberts/.pico-sdk/toolchain/14_2_Rel1/bin/../lib/gcc/arm-none-eabi/14.2.1/thumb/v6-m/nofp/libgcc.a
LOAD /Users/danroberts/.pico-sdk/toolchain/14_2_Rel1/bin/../lib/gcc/arm-none-eabi/14.2.1/../../../../arm-none-eabi/lib/thumb/v6-m/nofp/libg.a
LOAD /Users/danroberts/.pico-sdk/toolchain/14_2_Rel1/bin/../lib/gcc/arm-none-eabi/14.2.1/../../../../arm-none-eabi/lib/thumb/v6-m/nofp/libc.a
END GROUP
START GROUP
LOAD /Users/danroberts/.pico-sdk/toolchain/14_2_Rel1/bin/../lib/gcc/arm-none-eabi/14.2.1/thumb/v6-m/nofp/libgcc.a
LOAD /Users/danroberts/.pico-sdk/toolchain/14_2_Rel1/bin/../lib/gcc/arm-none-eabi/14.2.1/../../../../arm-none-eabi/lib/thumb/v6-m/nofp/libc.a
LOAD /Users/danroberts/.pico-sdk/toolchain/14_2_Rel1/bin/../lib/gcc/arm-none-eabi/14.2.1/../../../../arm-none-eabi/lib/thumb/v6-m/nofp/libnosys.a
END GROUP
LOAD /Users/danroberts/.pico-sdk/toolchain/14_2_Rel1/bin/../lib/gcc/arm-none-eabi/14.2.1/thumb/v6-m/nofp/crtend.o
LOAD /Users/danroberts/.pico-sdk/toolchain/14_2_Rel1/bin/../lib/gcc/arm-none-eabi/14.2.1/thumb/v6-m/nofp/crtn.o
OUTPUT(blink.elf elf32-littlearm)
LOAD linker stubs

.ARM.attributes
                0x00000000       0x28
 .ARM.attributes